[186月2026 03:34:28.126] [main/INFO] [net.neoforged.fml.startup.Entrypoint/]: JVM Uptime at startup: 559ms
[186月2026 03:34:28.153] [main/INFO] [net.neoforged.fml.loading.FMLLoader/]: Starting FancyModLoader version 10.0.36 (CLIENT in DEV)
[186月2026 03:34:28.154] [main/INFO] [net.neoforged.fml.loading.FMLLoader/]: Game directory: G:\neoforge-1.21.11-test\run
[186月2026 03:34:28.342] [main/INFO] [net.neoforged.fml.loading.EarlyServiceDiscovery/]: Found 2 early service jars (out of 105) in 87ms
[186月2026 03:34:28.343] [main/INFO] [net.neoforged.fml.loading.FMLLoader/]: Loading FML Early Services:
[186月2026 03:34:28.345] [main/INFO] [net.neoforged.fml.loading.FMLLoader/]:  - C:/Users/yyy/.gradle/caches/modules-2/files-2.1/net.neoforged.fancymodloader/loader/10.0.36/f72ab4d3e755fe736829883d90430a281527aca/loader-10.0.36.jar
[186月2026 03:34:28.347] [main/INFO] [net.neoforged.fml.loading.FMLLoader/]:  - C:/Users/yyy/.gradle/caches/modules-2/files-2.1/net.neoforged.fancymodloader/earlydisplay/10.0.36/dbd0e11d545443f602addede111c39d9639708f9/earlydisplay-10.0.36.jar
[186月2026 03:34:28.362] [main/INFO] [net.neoforged.fml.loading.ImmediateWindowHandler/]: Loading ImmediateWindowProvider fmlearlywindow
[186月2026 03:34:29.543] [ForkJoinPool.commonPool-worker-1/INFO] [net.neoforged.fml.loading.moddiscovery.locators.GameLocator/]: Detected a joined NeoForge and Minecraft configuration. Applying filtering...
[186月2026 03:34:29.793] [ForkJoinPool.commonPool-worker-1/INFO] [net.neoforged.fml.loading.moddiscovery.locators.InDevFolderLocator/CORE]: Got mod coordinates craftablecapes%%G:\neoforge-1.21.11-test\build\classes\java\main;craftablecapes%%G:\neoforge-1.21.11-test\build\resources\main from env
[186月2026 03:34:29.972] [fml-loadingscreen/INFO] [net.neoforged.fml.earlydisplay.render.LoadingScreenRenderer/]: GL info: Intel(R) Iris(R) Xe Graphics GL version 3.3.0 - Build 31.0.101.5186, Intel
[186月2026 03:34:30.468] [ForkJoinPool.commonPool-worker-1/INFO] [net.neoforged.fml.loading.moddiscovery.locators.JarInJarDependencyLocator/]: Found 2 dependencies adding them to mods collection
[186月2026 03:34:30.472] [ForkJoinPool.commonPool-worker-1/INFO] [net.neoforged.fml.loading.moddiscovery.ModDiscoverer/]: 
     Mod List:
		Name Version (Mod Id)

		Craftable Capes 1.0.0 (craftablecapes)
		Curios API 14.0.0+1.21.11 (curios)
		Minecraft 1.21.11 (minecraft)
		NeoForge 21.11.42 (neoforge)
[186月2026 03:34:31.464] [main/INFO] [mixin/]: SpongePowered MIXIN Subsystem Version=0.8.7 Source=file:/C:/Users/yyy/.gradle/caches/modules-2/files-2.1/net.fabricmc/sponge-mixin/0.16.5+mixin.0.8.7/80fc3a9f592673cea87f4cd702f87991c6c9fe4d/sponge-mixin-0.16.5+mixin.0.8.7.jar Service=FML Env=CLIENT
[186月2026 03:34:31.572] [main/INFO] [net.neoforged.fml.loading.FMLLoader/]: Loading FML Plugins:
[186月2026 03:34:31.580] [main/INFO] [net.neoforged.fml.loading.FMLLoader/]:  - G:/neoforge-1.21.11-test/build/moddev/artifacts/neoforge-21.11.42.jar > net.neoforged.neoforge-coremods-21.11.42.jar
[186月2026 03:34:32.028] [main/INFO] [net.neoforged.fml.loading.FMLLoader/]: Building game content classloader:
 - craftablecapes (composite(folder(G:/neoforge-1.21.11-test/build/classes/java/main), folder(G:/neoforge-1.21.11-test/build/resources/main)))
 - curios (jar(C:/Users/yyy/.gradle/caches/modules-2/files-2.1/maven.modrinth/curios/MPGhs9Rw/82d14ef68875a9801c7b11de5b284439c89e5a82/curios-MPGhs9Rw.jar))
 - minecraft (composite(jar(G:/neoforge-1.21.11-test/build/moddev/artifacts/neoforge-21.11.42-client-extra-aka-minecraft-resources.jar), filtered(jar(G:/neoforge-1.21.11-test/build/moddev/artifacts/neoforge-21.11.42.jar))))
 - mixinextras.neoforge (jar(G:/neoforge-1.21.11-test/build/moddev/artifacts/neoforge-21.11.42.jar > mixinextras-neoforge-0.5.3.jar))
 - neoforge (composite(filtered(jar(G:/neoforge-1.21.11-test/build/moddev/artifacts/neoforge-21.11.42.jar))))
 - net.neoforged.fml.generated (empty(VirtualJar/net.neoforged.fml.generated))
[186月2026 03:34:32.070] [main/INFO] [net.neoforged.fml.loading.FMLLoader/]: Built game content classloader in 75ms
[186月2026 03:34:32.306] [main/WARN] [mixin/]: Reference map 'curios.refmap.json' for curios.mixins.json could not be read. If this is a development environment you can ignore this message
[186月2026 03:34:34.868] [main/INFO] [MixinExtras|Service/]: Initializing MixinExtras via com.llamalad7.mixinextras.service.MixinExtrasServiceImpl(version=0.5.3).
[186月2026 03:34:37.714] [Datafixer Bootstrap/INFO] [com.mojang.datafixers.DataFixerBuilder/]: 290 Datafixer optimizations took 1632 milliseconds
[186月2026 03:34:49.490] [main/WARN] [net.minecraft.commands.Commands/]: Ambiguity between arguments [teleport, location] and [teleport, destination] with inputs: [0.1 -0.5 .9, 0 0 0]
[186月2026 03:34:49.493] [main/WARN] [net.minecraft.commands.Commands/]: Ambiguity between arguments [teleport, location] and [teleport, targets] with inputs: [0.1 -0.5 .9, 0 0 0]
[186月2026 03:34:49.498] [main/WARN] [net.minecraft.commands.Commands/]: Ambiguity between arguments [teleport, destination] and [teleport, targets] with inputs: [Player, 0123, @e, dd12be42-52a9-4a91-a8a1-11c01849e498]
[186月2026 03:34:49.502] [main/WARN] [net.minecraft.commands.Commands/]: Ambiguity between arguments [teleport, targets] and [teleport, destination] with inputs: [Player, 0123, dd12be42-52a9-4a91-a8a1-11c01849e498]
[186月2026 03:34:49.504] [main/WARN] [net.minecraft.commands.Commands/]: Ambiguity between arguments [teleport, targets, location] and [teleport, targets, destination] with inputs: [0.1 -0.5 .9, 0 0 0]
[186月2026 03:34:49.507] [main/WARN] [net.minecraft.commands.Commands/]: Ambiguity between arguments [waypoint, modify, waypoint, color, reset] and [waypoint, modify, waypoint, color, color] with inputs: [reset]
[186月2026 03:34:49.676] [modloading-worker-0/INFO] [net.neoforged.neoforge.common.NeoForgeMod/NEOFORGE-MOD]: NeoForge mod loading, version 21.11.42, for MC 1.21.11
[186月2026 03:34:49.734] [modloading-worker-0/INFO] [com.craftablecapes.registry.CapeRegistry/]: Registering Craftable Capes items...
[186月2026 03:34:49.742] [modloading-worker-0/INFO] [com.craftablecapes.registry.CapeRegistry/]: Registered 0 cape items total!
[186月2026 03:34:49.745] [modloading-worker-0/INFO] [com.craftablecapes.CraftableCapes/]: Craftable Capes initialized for NeoForge!
[186月2026 03:34:50.813] [Render thread/INFO] [com.mojang.authlib.yggdrasil.YggdrasilAuthenticationService/]: Environment: Environment[sessionHost=https://sessionserver.mojang.com, servicesHost=https://api.minecraftservices.com, profilesHost=https://api.mojang.com, name=PROD]
[186月2026 03:34:50.859] [Render thread/INFO] [net.minecraft.client.Minecraft/]: Setting user: Dev
[186月2026 03:34:51.096] [Render thread/INFO] [net.minecraft.client.Minecraft/]: Backend library: LWJGL version 3.3.3+5
[186月2026 03:34:51.302] [Render thread/INFO] [net.minecraft.client.Minecraft/]: Using optional rendering extensions: GL_ARB_buffer_storage, GL_KHR_debug, GL_ARB_vertex_attrib_binding, GL_ARB_direct_state_access, GL_EXT_texture_filter_anisotropic
[186月2026 03:34:52.276] [Render thread/INFO] [net.minecraft.server.packs.resources.ReloadableResourceManager/]: Reloading ResourceManager: vanilla, mod_resources, mod/curios, mod/craftablecapes, mod/neoforge
[186月2026 03:34:53.350] [resourceLoad/INFO] [net.minecraft.client.gui.font.providers.UnihexProvider/]: Found unifont_pua-17.0.01.hex, loading
[186月2026 03:34:53.354] [resourceLoad/INFO] [net.minecraft.client.gui.font.providers.UnihexProvider/]: Found unifont_all_no_pua-17.0.01.hex, loading
[186月2026 03:34:53.725] [resourceLoad/INFO] [net.minecraft.client.gui.font.providers.UnihexProvider/]: Found unifont_jp_patch-17.0.01.hex, loading
[186月2026 03:34:54.353] [resourceLoad/INFO] [com.craftablecapes.client.ClientSetup/]: Registered 94 cape renderers
[186月2026 03:34:54.358] [ForkJoinPool.commonPool-worker-1/INFO] [com.craftablecapes.client.OnlineCapeLoader/]: Downloading online cape texture: https://textures.minecraft.net/texture/8f120319222a9f4a104e2f5cb97b2cda93199a2ee9e1585cb8d09d6f687cb761
[186月2026 03:34:54.358] [ForkJoinPool.commonPool-worker-3/INFO] [com.craftablecapes.client.OnlineCapeLoader/]: Downloading online cape texture: https://textures.minecraft.net/texture/5786fe99be377dfb6858859f926c4dbc995751e91cee373468c5fbf4865e7151
[186月2026 03:34:54.358] [ForkJoinPool.commonPool-worker-4/INFO] [com.craftablecapes.client.OnlineCapeLoader/]: Downloading online cape texture: https://textures.minecraft.net/texture/9e507afc56359978a3eb3e32367042b853cddd0995d17d0da995662913fb00f7
[186月2026 03:34:54.357] [resourceLoad/INFO] [com.craftablecapes.client.ClientSetup/]: Started downloading 38 online cape textures
[186月2026 03:34:54.360] [ForkJoinPool.commonPool-worker-7/INFO] [com.craftablecapes.client.OnlineCapeLoader/]: Downloading online cape texture: https://textures.minecraft.net/texture/a2e8d97ec79100e90a75d369d1b3ba81273c4f82bc1b737e934eed4a854be1b6
[186月2026 03:34:54.360] [ForkJoinPool.commonPool-worker-5/INFO] [com.craftablecapes.client.OnlineCapeLoader/]: Downloading online cape texture: https://textures.minecraft.net/texture/153b1a0dfcbae953cdeb6f2c2bf6bf79943239b1372780da44bcbb29273131da
[186月2026 03:34:54.360] [ForkJoinPool.commonPool-worker-6/INFO] [com.craftablecapes.client.OnlineCapeLoader/]: Downloading online cape texture: https://textures.minecraft.net/texture/953cac8b779fe41383e675ee2b86071a71658f2180f56fbce8aa315ea70e2ed6
[186月2026 03:34:54.430] [ForkJoinPool.commonPool-worker-2/INFO] [com.craftablecapes.client.OnlineCapeLoader/]: Downloading online cape texture: https://textures.minecraft.net/texture/b0cc08840700447322d953a02b965f1d65a13a603bf64b17c803c21446fe1635
[186月2026 03:34:54.537] [ForkJoinPool.commonPool-worker-8/INFO] [com.craftablecapes.client.OnlineCapeLoader/]: Downloading online cape texture: https://textures.minecraft.net/texture/e7dfea16dc83c97df01a12fabbd1216359c0cd0ea42f9999b6e97c584963e980
[186月2026 03:34:54.547] [ForkJoinPool.commonPool-worker-9/INFO] [com.craftablecapes.client.OnlineCapeLoader/]: Downloading online cape texture: https://textures.minecraft.net/texture/1bf91499701404e21bd46b0191d63239a4ef76ebde88d27e4d430ac211df681e
[186月2026 03:34:54.580] [ForkJoinPool.commonPool-worker-10/INFO] [com.craftablecapes.client.OnlineCapeLoader/]: Downloading online cape texture: https://textures.minecraft.net/texture/2262fb1d24912209490586ecae98aca8500df3eff91f2a07da37ee524e7e3cb6
[186月2026 03:34:54.595] [ForkJoinPool.commonPool-worker-11/INFO] [com.craftablecapes.client.OnlineCapeLoader/]: Downloading online cape texture: https://textures.minecraft.net/texture/ca29f5dd9e94fb1748203b92e36b66fda80750c87ebc18d6eafdb0e28cc1d05f
[186月2026 03:34:54.611] [ForkJoinPool.commonPool-worker-12/INFO] [com.craftablecapes.client.OnlineCapeLoader/]: Downloading online cape texture: https://textures.minecraft.net/texture/70efffaf86fe5bc089608d3cb297d3e276b9eb7a8f9f2fe6659c23a2d8b18edf
[186月2026 03:34:54.635] [ForkJoinPool.commonPool-worker-13/INFO] [com.craftablecapes.client.OnlineCapeLoader/]: Downloading online cape texture: https://textures.minecraft.net/texture/bcfbe84c6542a4a5c213c1cacf8979b5e913dcb4ad783a8b80e3c4a7d5c8bdac
[186月2026 03:34:54.670] [ForkJoinPool.commonPool-worker-14/INFO] [com.craftablecapes.client.OnlineCapeLoader/]: Downloading online cape texture: https://textures.minecraft.net/texture/23ec737f18bfe4b547c95935fc297dd767bb84ee55bfd855144d279ac9bfd9fe
[186月2026 03:34:54.723] [ForkJoinPool.commonPool-worker-15/INFO] [com.craftablecapes.client.OnlineCapeLoader/]: Downloading online cape texture: https://textures.minecraft.net/texture/2e002d5e1758e79ba51d08d92a0f3a95119f2f435ae7704916507b6c565a7da8
[186月2026 03:34:54.737] [ForkJoinPool.commonPool-worker-16/INFO] [com.craftablecapes.client.OnlineCapeLoader/]: Downloading online cape texture: https://textures.minecraft.net/texture/d8f8d13a1adf9636a16c31d47f3ecc9bb8d8533108aa5ad2a01b13b1a0c55eac
[186月2026 03:34:54.754] [ForkJoinPool.commonPool-worker-17/INFO] [com.craftablecapes.client.OnlineCapeLoader/]: Downloading online cape texture: https://textures.minecraft.net/texture/5048ea61566353397247d2b7d946034de926b997d5e66c86483dfb1e031aee95
[186月2026 03:34:54.807] [ForkJoinPool.commonPool-worker-18/INFO] [com.craftablecapes.client.OnlineCapeLoader/]: Downloading online cape texture: https://textures.minecraft.net/texture/2056f2eebd759cce93460907186ef44e9192954ae12b227d817eb4b55627a7fc
[186月2026 03:34:54.824] [ForkJoinPool.commonPool-worker-19/INFO] [com.craftablecapes.client.OnlineCapeLoader/]: Downloading online cape texture: https://textures.minecraft.net/texture/3efadf6510961830f9fcc077f19b4daf286d502b5f5aafbd807c7bbffcaca245
[186月2026 03:34:54.842] [ForkJoinPool.commonPool-worker-20/INFO] [com.craftablecapes.client.OnlineCapeLoader/]: Downloading online cape texture: https://textures.minecraft.net/texture/ca35c56efe71ed290385f4ab5346a1826b546a54d519e6a3ff01efa01acce81
[186月2026 03:34:54.892] [ForkJoinPool.commonPool-worker-21/INFO] [com.craftablecapes.client.OnlineCapeLoader/]: Downloading online cape texture: https://textures.minecraft.net/texture/ae677f7d98ac70a533713518416df4452fe5700365c09cf45d0d156ea9396551
[186月2026 03:34:54.911] [ForkJoinPool.commonPool-worker-22/INFO] [com.craftablecapes.client.OnlineCapeLoader/]: Downloading online cape texture: https://textures.minecraft.net/texture/17912790ff164b93196f08ba71d0e62129304776d0f347334f8a6eae509f8a56
[186月2026 03:34:54.975] [ForkJoinPool.commonPool-worker-23/INFO] [com.craftablecapes.client.OnlineCapeLoader/]: Downloading online cape texture: https://textures.minecraft.net/texture/2340c0e03dd24a11b15a8b33c2a7e9e32abb2051b2481d0ba7defd635ca7a933
[186月2026 03:34:55.016] [ForkJoinPool.commonPool-worker-24/INFO] [com.craftablecapes.client.OnlineCapeLoader/]: Downloading online cape texture: https://textures.minecraft.net/texture/f9a76537647989f9a0b6d001e320dac591c359e9e61a31f4ce11c88f207f0ad4
[186月2026 03:34:55.045] [ForkJoinPool.commonPool-worker-25/INFO] [com.craftablecapes.client.OnlineCapeLoader/]: Downloading online cape texture: https://textures.minecraft.net/texture/afd553b39358a24edfe3b8a9a939fa5fa4faa4d9a9c3d6af8eafb377fa05c2bb
[186月2026 03:34:55.069] [ForkJoinPool.commonPool-worker-26/INFO] [com.craftablecapes.client.OnlineCapeLoader/]: Downloading online cape texture: https://textures.minecraft.net/texture/cd9d82ab17fd92022dbd4a86cde4c382a7540e117fae7b9a2853658505a80625
[186月2026 03:34:55.092] [ForkJoinPool.commonPool-worker-27/INFO] [com.craftablecapes.client.OnlineCapeLoader/]: Downloading online cape texture: https://textures.minecraft.net/texture/5c29410057e32abec02d870ecb52ec25fb45ea81e785a7854ae8429d7236ca26
[186月2026 03:34:55.335] [ForkJoinPool.commonPool-worker-28/INFO] [com.craftablecapes.client.OnlineCapeLoader/]: Downloading online cape texture: https://textures.minecraft.net/texture/308b32a9e303155a0b4262f9e5483ad4a22e3412e84fe8385a0bdd73dc41fa89
[186月2026 03:34:55.436] [ForkJoinPool.commonPool-worker-29/INFO] [com.craftablecapes.client.OnlineCapeLoader/]: Downloading online cape texture: https://textures.minecraft.net/texture/1de21419009db483900da6298a1e6cbf9f1bc1523a0dcdc16263fab150693edd
[186月2026 03:34:55.486] [ForkJoinPool.commonPool-worker-30/INFO] [com.craftablecapes.client.OnlineCapeLoader/]: Downloading online cape texture: https://textures.minecraft.net/texture/dbc21e222528e30dc88445314f7be6ff12d3aeebc3c192054fba7e3b3f8c77b1
[186月2026 03:34:55.626] [ForkJoinPool.commonPool-worker-31/INFO] [com.craftablecapes.client.OnlineCapeLoader/]: Downloading online cape texture: https://textures.minecraft.net/texture/5ec930cdd2629c8771655c60eebeb867b4b6559b0e6d3bc71c40c96347fa03f0
[186月2026 03:34:55.870] [ForkJoinPool.commonPool-worker-19/INFO] [com.craftablecapes.client.OnlineCapeLoader/]: Downloading online cape texture: https://textures.minecraft.net/texture/fdcf48f01ec480d1d7cbec27f7ddce48c9da2be6724641109444dae58d4cd013
[186月2026 03:34:55.871] [ForkJoinPool.commonPool-worker-27/INFO] [com.craftablecapes.client.OnlineCapeLoader/]: Downloading online cape texture: https://textures.minecraft.net/texture/a3f6e4f14801f3ea55e3d95b9b4ef3b5e8802d947f669de93d6ec4b9354a436b
[186月2026 03:34:55.880] [Render thread/INFO] [com.craftablecapes.client.OnlineCapeLoader/]: Registered online cape texture: craftablecapes:textures/capes/online_3efadf65.png and craftablecapes:textures/item/online_3efadf65.png
[186月2026 03:34:55.881] [Render thread/INFO] [com.craftablecapes.client.OnlineCapeLoader/]: Registered online cape texture: craftablecapes:textures/capes/online_5c294100.png and craftablecapes:textures/item/online_5c294100.png
[186月2026 03:34:55.984] [ForkJoinPool.commonPool-worker-22/INFO] [com.craftablecapes.client.OnlineCapeLoader/]: Downloading online cape texture: https://textures.minecraft.net/texture/fe8a02dfe9e390e44ff33d69feef9d3943f76d3901015bbd50f0b67722d288bd
[186月2026 03:34:55.999] [Render thread/INFO] [com.craftablecapes.client.OnlineCapeLoader/]: Registered online cape texture: craftablecapes:textures/capes/online_17912790.png and craftablecapes:textures/item/online_17912790.png
[186月2026 03:34:56.008] [ForkJoinPool.commonPool-worker-12/INFO] [com.craftablecapes.client.OnlineCapeLoader/]: Downloading online cape texture: https://textures.minecraft.net/texture/479eacefa3cdd7aca94207f36c0dd449653ddf259daf40544a5866baf05eee22
[186月2026 03:34:56.016] [ForkJoinPool.commonPool-worker-14/INFO] [com.craftablecapes.client.OnlineCapeLoader/]: Downloading online cape texture: https://textures.minecraft.net/texture/2c579968c64c1719740fd8c2a451461879b238002574fce48f7d1a7c36a1c7d4
[186月2026 03:34:56.016] [Render thread/INFO] [com.craftablecapes.client.OnlineCapeLoader/]: Registered online cape texture: craftablecapes:textures/capes/online_70efffaf.png and craftablecapes:textures/item/online_70efffaf.png
[186月2026 03:34:56.018] [Render thread/INFO] [com.craftablecapes.client.OnlineCapeLoader/]: Registered online cape texture: craftablecapes:textures/capes/online_23ec737f.png and craftablecapes:textures/item/online_23ec737f.png
[186月2026 03:34:56.037] [ForkJoinPool.commonPool-worker-21/INFO] [com.craftablecapes.client.OnlineCapeLoader/]: Downloading online cape texture: https://textures.minecraft.net/texture/7706b5f5fc90329691e59277dcc66ba20572219fa8e5da472afd5235fad12cc8
[186月2026 03:34:56.042] [ForkJoinPool.commonPool-worker-25/INFO] [com.craftablecapes.client.OnlineCapeLoader/]: Downloading online cape texture: https://textures.minecraft.net/texture/5e6f3193e74cd16cdd6637d9bae5484e3a37ff2a14c2d157c659a07810b1bdca
[186月2026 03:34:56.049] [Render thread/INFO] [com.craftablecapes.client.OnlineCapeLoader/]: Registered online cape texture: craftablecapes:textures/capes/online_ae677f7d.png and craftablecapes:textures/item/online_ae677f7d.png
[186月2026 03:34:56.051] [Render thread/INFO] [com.craftablecapes.client.OnlineCapeLoader/]: Registered online cape texture: craftablecapes:textures/capes/online_afd553b3.png and craftablecapes:textures/item/online_afd553b3.png
[186月2026 03:34:56.053] [Render thread/INFO] [com.craftablecapes.client.OnlineCapeLoader/]: Registered online cape texture: craftablecapes:textures/capes/online_5786fe99.png and craftablecapes:textures/item/online_5786fe99.png
[186月2026 03:34:56.066] [Render thread/INFO] [com.craftablecapes.client.OnlineCapeLoader/]: Registered online cape texture: craftablecapes:textures/capes/online_9e507afc.png and craftablecapes:textures/item/online_9e507afc.png
[186月2026 03:34:56.067] [Render thread/INFO] [com.craftablecapes.client.OnlineCapeLoader/]: Registered online cape texture: craftablecapes:textures/capes/online_ca35c56e.png and craftablecapes:textures/item/online_ca35c56e.png
[186月2026 03:34:56.069] [Render thread/INFO] [com.craftablecapes.client.OnlineCapeLoader/]: Registered online cape texture: craftablecapes:textures/capes/online_2056f2ee.png and craftablecapes:textures/item/online_2056f2ee.png
[186月2026 03:34:56.070] [Render thread/INFO] [com.craftablecapes.client.OnlineCapeLoader/]: Registered online cape texture: craftablecapes:textures/capes/online_e7dfea16.png and craftablecapes:textures/item/online_e7dfea16.png
[186月2026 03:34:56.071] [Render thread/INFO] [com.craftablecapes.client.OnlineCapeLoader/]: Registered online cape texture: craftablecapes:textures/capes/online_2262fb1d.png and craftablecapes:textures/item/online_2262fb1d.png
[186月2026 03:34:56.072] [Render thread/INFO] [com.craftablecapes.client.OnlineCapeLoader/]: Registered online cape texture: craftablecapes:textures/capes/online_5048ea61.png and craftablecapes:textures/item/online_5048ea61.png
[186月2026 03:34:56.086] [Render thread/INFO] [com.craftablecapes.client.OnlineCapeLoader/]: Registered online cape texture: craftablecapes:textures/capes/online_8f120319.png and craftablecapes:textures/item/online_8f120319.png
[186月2026 03:34:56.088] [Render thread/INFO] [com.craftablecapes.client.OnlineCapeLoader/]: Registered online cape texture: craftablecapes:textures/capes/online_a2e8d97e.png and craftablecapes:textures/item/online_a2e8d97e.png
[186月2026 03:34:56.089] [Render thread/INFO] [com.craftablecapes.client.OnlineCapeLoader/]: Registered online cape texture: craftablecapes:textures/capes/online_f9a76537.png and craftablecapes:textures/item/online_f9a76537.png
[186月2026 03:34:56.090] [Render thread/INFO] [com.craftablecapes.client.OnlineCapeLoader/]: Registered online cape texture: craftablecapes:textures/capes/online_cd9d82ab.png and craftablecapes:textures/item/online_cd9d82ab.png
[186月2026 03:34:56.091] [Render thread/INFO] [com.craftablecapes.client.OnlineCapeLoader/]: Registered online cape texture: craftablecapes:textures/capes/online_d8f8d13a.png and craftablecapes:textures/item/online_d8f8d13a.png
[186月2026 03:34:56.103] [Render thread/INFO] [com.craftablecapes.client.OnlineCapeLoader/]: Registered online cape texture: craftablecapes:textures/capes/online_953cac8b.png and craftablecapes:textures/item/online_953cac8b.png
[186月2026 03:34:56.155] [Render thread/INFO] [com.craftablecapes.client.OnlineCapeLoader/]: Registered online cape texture: craftablecapes:textures/capes/online_2e002d5e.png and craftablecapes:textures/item/online_2e002d5e.png
[186月2026 03:34:56.156] [Render thread/INFO] [com.craftablecapes.client.OnlineCapeLoader/]: Registered online cape texture: craftablecapes:textures/capes/online_b0cc0884.png and craftablecapes:textures/item/online_b0cc0884.png
[186月2026 03:34:56.156] [Render thread/INFO] [com.craftablecapes.client.OnlineCapeLoader/]: Registered online cape texture: craftablecapes:textures/capes/online_153b1a0d.png and craftablecapes:textures/item/online_153b1a0d.png
[186月2026 03:34:56.157] [Render thread/INFO] [com.craftablecapes.client.OnlineCapeLoader/]: Registered online cape texture: craftablecapes:textures/capes/online_308b32a9.png and craftablecapes:textures/item/online_308b32a9.png
[186月2026 03:34:56.158] [Render thread/INFO] [com.craftablecapes.client.OnlineCapeLoader/]: Registered online cape texture: craftablecapes:textures/capes/online_dbc21e22.png and craftablecapes:textures/item/online_dbc21e22.png
[186月2026 03:34:56.159] [Render thread/INFO] [com.craftablecapes.client.OnlineCapeLoader/]: Registered online cape texture: craftablecapes:textures/capes/online_bcfbe84c.png and craftablecapes:textures/item/online_bcfbe84c.png
[186月2026 03:34:56.172] [Render thread/INFO] [com.craftablecapes.client.OnlineCapeLoader/]: Registered online cape texture: craftablecapes:textures/capes/online_1de21419.png and craftablecapes:textures/item/online_1de21419.png
[186月2026 03:34:56.274] [Render thread/INFO] [com.craftablecapes.client.OnlineCapeLoader/]: Registered online cape texture: craftablecapes:textures/capes/online_1bf91499.png and craftablecapes:textures/item/online_1bf91499.png
[186月2026 03:34:56.275] [Render thread/INFO] [com.craftablecapes.client.OnlineCapeLoader/]: Registered online cape texture: craftablecapes:textures/capes/online_ca29f5dd.png and craftablecapes:textures/item/online_ca29f5dd.png
[186月2026 03:34:56.307] [Render thread/INFO] [com.craftablecapes.client.OnlineCapeLoader/]: Registered online cape texture: craftablecapes:textures/capes/online_2340c0e0.png and craftablecapes:textures/item/online_2340c0e0.png
[186月2026 03:34:56.476] [resourceLoad/WARN] [net.minecraft.client.resources.model.ModelManager/]: Missing textures in model craftablecapes:item/mcd_glow_cape:
    minecraft:block_or_item:craftablecapes:item/mcd_glow
[186月2026 03:34:56.477] [resourceLoad/WARN] [net.minecraft.client.resources.model.ModelManager/]: Missing textures in model craftablecapes:item/nyan_cape:
    minecraft:block_or_item:craftablecapes:item/nyan
[186月2026 03:34:56.478] [Render thread/INFO] [com.craftablecapes.client.OnlineCapeLoader/]: Registered online cape texture: craftablecapes:textures/capes/online_5ec930cd.png and craftablecapes:textures/item/online_5ec930cd.png
[186月2026 03:34:56.478] [resourceLoad/WARN] [net.minecraft.client.resources.model.ModelManager/]: Missing textures in model craftablecapes:item/minecon_12_cape:
    minecraft:block_or_item:craftablecapes:item/minecon_12
[186月2026 03:34:56.478] [resourceLoad/WARN] [net.minecraft.client.resources.model.ModelManager/]: Missing textures in model craftablecapes:item/new_mojang_cape:
    minecraft:block_or_item:craftablecapes:item/online_9e507afc
[186月2026 03:34:56.479] [resourceLoad/WARN] [net.minecraft.client.resources.model.ModelManager/]: Missing textures in model craftablecapes:item/minecon_2013_cape:
    minecraft:block_or_item:craftablecapes:item/online_153b1a0d
[186月2026 03:34:56.479] [resourceLoad/WARN] [net.minecraft.client.resources.model.ModelManager/]: Missing textures in model craftablecapes:item/mojang_office_cape:
    minecraft:block_or_item:craftablecapes:item/online_5c294100
[186月2026 03:34:56.479] [resourceLoad/WARN] [net.minecraft.client.resources.model.ModelManager/]: Missing textures in model craftablecapes:item/mcd_hero_cape:
    minecraft:block_or_item:craftablecapes:item/mcd_hero
[186月2026 03:34:56.480] [resourceLoad/WARN] [net.minecraft.client.resources.model.ModelManager/]: Missing textures in model craftablecapes:item/snail_cape:
    minecraft:block_or_item:craftablecapes:item/snail
[186月2026 03:34:56.480] [resourceLoad/WARN] [net.minecraft.client.resources.model.ModelManager/]: Missing textures in model craftablecapes:item/minecon_11_cape:
    minecraft:block_or_item:craftablecapes:item/minecon_11
[186月2026 03:34:56.480] [resourceLoad/WARN] [net.minecraft.client.resources.model.ModelManager/]: Missing textures in model craftablecapes:item/db_cape:
    minecraft:block_or_item:craftablecapes:item/online_bcfbe84c
[186月2026 03:34:56.480] [resourceLoad/WARN] [net.minecraft.client.resources.model.ModelManager/]: Missing textures in model craftablecapes:item/prismarine_cape:
    minecraft:block_or_item:craftablecapes:item/online_d8f8d13a
[186月2026 03:34:56.481] [resourceLoad/WARN] [net.minecraft.client.resources.model.ModelManager/]: Missing textures in model craftablecapes:item/migrator_cape:
    minecraft:block_or_item:craftablecapes:item/online_2340c0e0
[186月2026 03:34:56.481] [resourceLoad/WARN] [net.minecraft.client.resources.model.ModelManager/]: Missing textures in model craftablecapes:item/turtle_cape:
    minecraft:block_or_item:craftablecapes:item/online_5048ea61
[186月2026 03:34:56.482] [resourceLoad/WARN] [net.minecraft.client.resources.model.ModelManager/]: Missing textures in model craftablecapes:item/mcd_fauna_faire_cape:
    minecraft:block_or_item:craftablecapes:item/mcd_fauna_faire
[186月2026 03:34:56.483] [resourceLoad/WARN] [net.minecraft.client.resources.model.ModelManager/]: Missing textures in model craftablecapes:item/mojira_cape:
    minecraft:block_or_item:craftablecapes:item/online_ae677f7d
[186月2026 03:34:56.483] [resourceLoad/WARN] [net.minecraft.client.resources.model.ModelManager/]: Missing textures in model craftablecapes:item/yearn_cape:
    minecraft:block_or_item:craftablecapes:item/online_308b32a9
[186月2026 03:34:56.483] [resourceLoad/WARN] [net.minecraft.client.resources.model.ModelManager/]: Missing textures in model craftablecapes:item/twitch_cape:
    minecraft:block_or_item:craftablecapes:item/twitch
[186月2026 03:34:56.484] [resourceLoad/WARN] [net.minecraft.client.resources.model.ModelManager/]: Missing textures in model craftablecapes:item/menace_cape:
    minecraft:block_or_item:craftablecapes:item/online_dbc21e22
[186月2026 03:34:56.484] [resourceLoad/WARN] [net.minecraft.client.resources.model.ModelManager/]: Missing textures in model craftablecapes:item/moonlight_trail_cape:
    minecraft:block_or_item:craftablecapes:item/online_fe8a02df
[186月2026 03:34:56.484] [resourceLoad/WARN] [net.minecraft.client.resources.model.ModelManager/]: Missing textures in model craftablecapes:item/minecon_6_cape:
    minecraft:block_or_item:craftablecapes:item/minecon_6
[186月2026 03:34:56.485] [resourceLoad/WARN] [net.minecraft.client.resources.model.ModelManager/]: Missing textures in model craftablecapes:item/minecon_2012_cape:
    minecraft:block_or_item:craftablecapes:item/online_a2e8d97e
[186月2026 03:34:56.485] [resourceLoad/WARN] [net.minecraft.client.resources.model.ModelManager/]: Missing textures in model craftablecapes:item/minecon_2015_cape:
    minecraft:block_or_item:craftablecapes:item/online_b0cc0884
[186月2026 03:34:56.485] [resourceLoad/WARN] [net.minecraft.client.resources.model.ModelManager/]: Missing textures in model craftablecapes:item/villager_rescue_cape:
    minecraft:block_or_item:craftablecapes:item/villager_rescue
[186月2026 03:34:56.485] [resourceLoad/WARN] [net.minecraft.client.resources.model.ModelManager/]: Missing textures in model craftablecapes:item/minecon_16_cape:
    minecraft:block_or_item:craftablecapes:item/minecon_16
[186月2026 03:34:56.486] [resourceLoad/WARN] [net.minecraft.client.resources.model.ModelManager/]: Missing textures in model craftablecapes:item/birthday_cape:
    minecraft:block_or_item:craftablecapes:item/online_2056f2ee
[186月2026 03:34:56.486] [resourceLoad/WARN] [net.minecraft.client.resources.model.ModelManager/]: Missing textures in model craftablecapes:item/realms_cape:
    minecraft:block_or_item:craftablecapes:item/online_17912790
[186月2026 03:34:56.486] [resourceLoad/WARN] [net.minecraft.client.resources.model.ModelManager/]: Missing textures in model craftablecapes:item/minecon_10_cape:
    minecraft:block_or_item:craftablecapes:item/minecon_10
[186月2026 03:34:56.486] [resourceLoad/WARN] [net.minecraft.client.resources.model.ModelManager/]: Missing textures in model craftablecapes:item/minecon_13_cape:
    minecraft:block_or_item:craftablecapes:item/minecon_13
[186月2026 03:34:56.486] [resourceLoad/WARN] [net.minecraft.client.resources.model.ModelManager/]: Missing textures in model craftablecapes:item/vanilla_cape:
    minecraft:block_or_item:craftablecapes:item/online_f9a76537
[186月2026 03:34:56.487] [resourceLoad/WARN] [net.minecraft.client.resources.model.ModelManager/]: Missing textures in model craftablecapes:item/mcd_cow_crusader_cape:
    minecraft:block_or_item:craftablecapes:item/mcd_cow_crusader
[186月2026 03:34:56.487] [resourceLoad/WARN] [net.minecraft.client.resources.model.ModelManager/]: Missing textures in model craftablecapes:item/millionth_cape:
    minecraft:block_or_item:craftablecapes:item/online_70efffaf
[186月2026 03:34:56.488] [resourceLoad/WARN] [net.minecraft.client.resources.model.ModelManager/]: Missing textures in model craftablecapes:item/oxeye_cape:
    minecraft:block_or_item:craftablecapes:item/online_7706b5f5
[186月2026 03:34:56.488] [resourceLoad/WARN] [net.minecraft.client.resources.model.ModelManager/]: Missing textures in model craftablecapes:item/mcd_prism_cape:
    minecraft:block_or_item:craftablecapes:item/mcd_prism
[186月2026 03:34:56.488] [resourceLoad/WARN] [net.minecraft.client.resources.model.ModelManager/]: Missing textures in model craftablecapes:item/old_mojang_cape:
    minecraft:block_or_item:craftablecapes:item/online_8f120319
[186月2026 03:34:56.488] [resourceLoad/WARN] [net.minecraft.client.resources.model.ModelManager/]: Missing textures in model craftablecapes:item/document_cape:
    minecraft:block_or_item:craftablecapes:item/online_fdcf48f0
[186月2026 03:34:56.489] [resourceLoad/WARN] [net.minecraft.client.resources.model.ModelManager/]: Missing textures in model craftablecapes:item/mcd_mystery_cape:
    minecraft:block_or_item:craftablecapes:item/mcd_mystery
[186月2026 03:34:56.489] [resourceLoad/WARN] [net.minecraft.client.resources.model.ModelManager/]: Missing textures in model craftablecapes:item/minecon_7_cape:
    minecraft:block_or_item:craftablecapes:item/minecon_7
[186月2026 03:34:56.490] [resourceLoad/WARN] [net.minecraft.client.resources.model.ModelManager/]: Missing textures in model craftablecapes:item/squid_cape:
    minecraft:block_or_item:craftablecapes:item/squid
[186月2026 03:34:56.490] [resourceLoad/WARN] [net.minecraft.client.resources.model.ModelManager/]: Missing textures in model craftablecapes:item/minecon_4_cape:
    minecraft:block_or_item:craftablecapes:item/minecon_4
[186月2026 03:34:56.491] [resourceLoad/WARN] [net.minecraft.client.resources.model.ModelManager/]: Missing textures in model craftablecapes:item/xbox_cape:
    minecraft:block_or_item:craftablecapes:item/xbox
[186月2026 03:34:56.491] [resourceLoad/WARN] [net.minecraft.client.resources.model.ModelManager/]: Missing textures in model craftablecapes:item/awesom_cape:
    minecraft:block_or_item:craftablecapes:item/awesom
[186月2026 03:34:56.491] [resourceLoad/WARN] [net.minecraft.client.resources.model.ModelManager/]: Missing textures in model craftablecapes:item/cobalt_cape:
    minecraft:block_or_item:craftablecapes:item/online_ca35c56e
[186月2026 03:34:56.492] [resourceLoad/WARN] [net.minecraft.client.resources.model.ModelManager/]: Missing textures in model craftablecapes:item/translator_cn_cape:
    minecraft:block_or_item:craftablecapes:item/online_2262fb1d
[186月2026 03:34:56.492] [resourceLoad/WARN] [net.minecraft.client.resources.model.ModelManager/]: Missing textures in model craftablecapes:item/mcd_blue_cape:
    minecraft:block_or_item:craftablecapes:item/mcd_blue
[186月2026 03:34:56.492] [resourceLoad/WARN] [net.minecraft.client.resources.model.ModelManager/]: Missing textures in model craftablecapes:item/common_cape:
    minecraft:block_or_item:craftablecapes:item/online_5ec930cd
[186月2026 03:34:56.493] [resourceLoad/WARN] [net.minecraft.client.resources.model.ModelManager/]: Missing textures in model craftablecapes:item/xmas_cape:
    minecraft:block_or_item:craftablecapes:item/xmas
[186月2026 03:34:56.493] [resourceLoad/WARN] [net.minecraft.client.resources.model.ModelManager/]: Missing textures in model craftablecapes:item/bacon_cape:
    minecraft:block_or_item:craftablecapes:item/bacon
[186月2026 03:34:56.493] [resourceLoad/WARN] [net.minecraft.client.resources.model.ModelManager/]: Missing textures in model craftablecapes:item/valentine_cape:
    minecraft:block_or_item:craftablecapes:item/valentine
[186月2026 03:34:56.494] [resourceLoad/WARN] [net.minecraft.client.resources.model.ModelManager/]: Missing textures in model craftablecapes:item/builder_cape:
    minecraft:block_or_item:craftablecapes:item/online_2c579968
[186月2026 03:34:56.494] [resourceLoad/WARN] [net.minecraft.client.resources.model.ModelManager/]: Missing textures in model craftablecapes:item/mojang_cape:
    minecraft:block_or_item:craftablecapes:item/online_5786fe99
[186月2026 03:34:56.495] [resourceLoad/WARN] [net.minecraft.client.resources.model.ModelManager/]: Missing textures in model craftablecapes:item/mcd_hammer_cape:
    minecraft:block_or_item:craftablecapes:item/mcd_hammer
[186月2026 03:34:56.495] [resourceLoad/WARN] [net.minecraft.client.resources.model.ModelManager/]: Missing textures in model craftablecapes:item/frog_cape:
    minecraft:block_or_item:craftablecapes:item/frog
[186月2026 03:34:56.495] [resourceLoad/WARN] [net.minecraft.client.resources.model.ModelManager/]: Missing textures in model craftablecapes:item/no_circle_cape:
    minecraft:block_or_item:craftablecapes:item/no_circle
[186月2026 03:34:56.495] [resourceLoad/WARN] [net.minecraft.client.resources.model.ModelManager/]: Missing textures in model craftablecapes:item/mcc15_cape:
    minecraft:block_or_item:craftablecapes:item/mcc15
[186月2026 03:34:56.496] [resourceLoad/WARN] [net.minecraft.client.resources.model.ModelManager/]: Missing textures in model craftablecapes:item/4j_studio_cape:
    minecraft:block_or_item:craftablecapes:item/4j_studio
[186月2026 03:34:56.496] [resourceLoad/WARN] [net.minecraft.client.resources.model.ModelManager/]: Missing textures in model craftablecapes:item/snowman_cape:
    minecraft:block_or_item:craftablecapes:item/online_23ec737f
[186月2026 03:34:56.496] [resourceLoad/WARN] [net.minecraft.client.resources.model.ModelManager/]: Missing textures in model craftablecapes:item/minecon_15_cape:
    minecraft:block_or_item:craftablecapes:item/minecon_15
[186月2026 03:34:56.496] [resourceLoad/WARN] [net.minecraft.client.resources.model.ModelManager/]: Missing textures in model craftablecapes:item/sniffer_cape:
    minecraft:block_or_item:craftablecapes:item/sniffer
[186月2026 03:34:56.497] [resourceLoad/WARN] [net.minecraft.client.resources.model.ModelManager/]: Missing textures in model craftablecapes:item/minecon_14_cape:
    minecraft:block_or_item:craftablecapes:item/minecon_14
[186月2026 03:34:56.497] [resourceLoad/WARN] [net.minecraft.client.resources.model.ModelManager/]: Missing textures in model craftablecapes:item/mcd_turtle_shell_cape:
    minecraft:block_or_item:craftablecapes:item/mcd_turtle_shell
[186月2026 03:34:56.497] [resourceLoad/WARN] [net.minecraft.client.resources.model.ModelManager/]: Missing textures in model craftablecapes:item/mcd_amethyst_cape:
    minecraft:block_or_item:craftablecapes:item/mcd_amethyst
[186月2026 03:34:56.498] [resourceLoad/WARN] [net.minecraft.client.resources.model.ModelManager/]: Missing textures in model craftablecapes:item/scrolls_cape:
    minecraft:block_or_item:craftablecapes:item/online_3efadf65
[186月2026 03:34:56.498] [resourceLoad/WARN] [net.minecraft.client.resources.model.ModelManager/]: Missing textures in model craftablecapes:item/home_cape:
    minecraft:block_or_item:craftablecapes:item/online_1de21419
[186月2026 03:34:56.498] [resourceLoad/WARN] [net.minecraft.client.resources.model.ModelManager/]: Missing textures in model craftablecapes:item/copper_cape:
    minecraft:block_or_item:craftablecapes:item/online_5e6f3193
[186月2026 03:34:56.498] [resourceLoad/WARN] [net.minecraft.client.resources.model.ModelManager/]: Missing textures in model craftablecapes:item/translator_cape:
    minecraft:block_or_item:craftablecapes:item/online_1bf91499
[186月2026 03:34:56.499] [resourceLoad/WARN] [net.minecraft.client.resources.model.ModelManager/]: Missing textures in model craftablecapes:item/nye_2011_cape:
    minecraft:block_or_item:craftablecapes:item/nye_2011
[186月2026 03:34:56.499] [resourceLoad/WARN] [net.minecraft.client.resources.model.ModelManager/]: Missing textures in model craftablecapes:item/minecon_9_cape:
    minecraft:block_or_item:craftablecapes:item/minecon_9
[186月2026 03:34:56.499] [resourceLoad/WARN] [net.minecraft.client.resources.model.ModelManager/]: Missing textures in model craftablecapes:item/minecon_2016_cape:
    minecraft:block_or_item:craftablecapes:item/online_e7dfea16
[186月2026 03:34:56.499] [resourceLoad/WARN] [net.minecraft.client.resources.model.ModelManager/]: Missing textures in model craftablecapes:item/mcd_iceologer_cape:
    minecraft:block_or_item:craftablecapes:item/mcd_iceologer
[186月2026 03:34:56.499] [resourceLoad/WARN] [net.minecraft.client.resources.model.ModelManager/]: Missing textures in model craftablecapes:item/mcd_downpour_cape:
    minecraft:block_or_item:craftablecapes:item/mcd_downpour
[186月2026 03:34:56.499] [resourceLoad/WARN] [net.minecraft.client.resources.model.ModelManager/]: Missing textures in model craftablecapes:item/minecon_3_cape:
    minecraft:block_or_item:craftablecapes:item/minecon_3
[186月2026 03:34:56.499] [resourceLoad/WARN] [net.minecraft.client.resources.model.ModelManager/]: Missing textures in model craftablecapes:item/mcd_year_1_cape:
    minecraft:block_or_item:craftablecapes:item/mcd_year_1
[186月2026 03:34:56.501] [resourceLoad/WARN] [net.minecraft.client.resources.model.ModelManager/]: Missing textures in model craftablecapes:item/pride_cape:
    minecraft:block_or_item:craftablecapes:item/pride
[186月2026 03:34:56.501] [resourceLoad/WARN] [net.minecraft.client.resources.model.ModelManager/]: Missing textures in model craftablecapes:item/mcd_phantom_cape:
    minecraft:block_or_item:craftablecapes:item/mcd_phantom
[186月2026 03:34:56.501] [resourceLoad/WARN] [net.minecraft.client.resources.model.ModelManager/]: Missing textures in model craftablecapes:item/15_years_cape:
    minecraft:block_or_item:craftablecapes:item/online_cd9d82ab
[186月2026 03:34:56.501] [resourceLoad/WARN] [net.minecraft.client.resources.model.ModelManager/]: Missing textures in model craftablecapes:item/crafter_cape:
    minecraft:block_or_item:craftablecapes:item/online_479eacef
[186月2026 03:34:56.502] [resourceLoad/WARN] [net.minecraft.client.resources.model.ModelManager/]: Missing textures in model craftablecapes:item/mcd_cloudy_climb_cape:
    minecraft:block_or_item:craftablecapes:item/mcd_cloudy_climb
[186月2026 03:34:56.502] [resourceLoad/WARN] [net.minecraft.client.resources.model.ModelManager/]: Missing textures in model craftablecapes:item/minecon_5_cape:
    minecraft:block_or_item:craftablecapes:item/minecon_5
[186月2026 03:34:56.502] [resourceLoad/WARN] [net.minecraft.client.resources.model.ModelManager/]: Missing textures in model craftablecapes:item/mcd_red_royal_cape:
    minecraft:block_or_item:craftablecapes:item/mcd_red_royal
[186月2026 03:34:56.502] [resourceLoad/WARN] [net.minecraft.client.resources.model.ModelManager/]: Missing textures in model craftablecapes:item/mcd_soul_cape:
    minecraft:block_or_item:craftablecapes:item/mcd_soul
[186月2026 03:34:56.503] [resourceLoad/WARN] [net.minecraft.client.resources.model.ModelManager/]: Missing textures in model craftablecapes:item/pancape_cape:
    minecraft:block_or_item:craftablecapes:item/pancape
[186月2026 03:34:56.503] [resourceLoad/WARN] [net.minecraft.client.resources.model.ModelManager/]: Missing textures in model craftablecapes:item/zombie_horse_cape:
    minecraft:block_or_item:craftablecapes:item/online_a3f6e4f1
[186月2026 03:34:56.503] [resourceLoad/WARN] [net.minecraft.client.resources.model.ModelManager/]: Missing textures in model craftablecapes:item/minecon_8_cape:
    minecraft:block_or_item:craftablecapes:item/minecon_8
[186月2026 03:34:56.503] [resourceLoad/WARN] [net.minecraft.client.resources.model.ModelManager/]: Missing textures in model craftablecapes:item/veterinarian_cape:
    minecraft:block_or_item:craftablecapes:item/veterinarian
[186月2026 03:34:56.503] [resourceLoad/WARN] [net.minecraft.client.resources.model.ModelManager/]: Missing textures in model craftablecapes:item/tiktok_cape:
    minecraft:block_or_item:craftablecapes:item/tiktok
[186月2026 03:34:56.504] [resourceLoad/WARN] [net.minecraft.client.resources.model.ModelManager/]: Missing textures in model craftablecapes:item/translator_jp_cape:
    minecraft:block_or_item:craftablecapes:item/online_ca29f5dd
[186月2026 03:34:56.504] [resourceLoad/WARN] [net.minecraft.client.resources.model.ModelManager/]: Missing textures in model craftablecapes:item/xbox_bday_cape:
    minecraft:block_or_item:craftablecapes:item/xbox_bday
[186月2026 03:34:56.504] [resourceLoad/WARN] [net.minecraft.client.resources.model.ModelManager/]: Missing textures in model craftablecapes:item/blonk_cape:
    minecraft:block_or_item:craftablecapes:item/blonk
[186月2026 03:34:56.504] [resourceLoad/WARN] [net.minecraft.client.resources.model.ModelManager/]: Missing textures in model craftablecapes:item/spade_cape:
    minecraft:block_or_item:craftablecapes:item/online_2e002d5e
[186月2026 03:34:56.504] [resourceLoad/WARN] [net.minecraft.client.resources.model.ModelManager/]: Missing textures in model craftablecapes:item/10_years_cape:
    minecraft:block_or_item:craftablecapes:item/10_years
[186月2026 03:34:56.505] [resourceLoad/WARN] [net.minecraft.client.resources.model.ModelManager/]: Missing textures in model craftablecapes:item/mcd_year_2_cape:
    minecraft:block_or_item:craftablecapes:item/mcd_year_2
[186月2026 03:34:56.505] [resourceLoad/WARN] [net.minecraft.client.resources.model.ModelManager/]: Missing textures in model craftablecapes:item/mcd_luminous_night_cape:
    minecraft:block_or_item:craftablecapes:item/mcd_luminous_night
[186月2026 03:34:56.506] [resourceLoad/WARN] [net.minecraft.client.resources.model.ModelManager/]: Missing textures in model craftablecapes:item/cherry_blossom_cape:
    minecraft:block_or_item:craftablecapes:item/online_afd553b3
[186月2026 03:34:56.506] [resourceLoad/WARN] [net.minecraft.client.resources.model.ModelManager/]: Missing textures in model craftablecapes:item/minecon_2011_cape:
    minecraft:block_or_item:craftablecapes:item/online_953cac8b
[186月2026 03:34:56.580] [Render thread/INFO] [com.craftablecapes.client.OnlineCapeLoader/]: Registered online cape texture: craftablecapes:textures/capes/online_fe8a02df.png and craftablecapes:textures/item/online_fe8a02df.png
[186月2026 03:34:56.799] [Render thread/INFO] [com.craftablecapes.client.OnlineCapeLoader/]: Registered online cape texture: craftablecapes:textures/capes/online_2c579968.png and craftablecapes:textures/item/online_2c579968.png
[186月2026 03:34:56.803] [Render thread/INFO] [com.craftablecapes.client.OnlineCapeLoader/]: Registered online cape texture: craftablecapes:textures/capes/online_7706b5f5.png and craftablecapes:textures/item/online_7706b5f5.png
[186月2026 03:34:56.916] [Render thread/INFO] [com.craftablecapes.client.OnlineCapeLoader/]: Registered online cape texture: craftablecapes:textures/capes/online_fdcf48f0.png and craftablecapes:textures/item/online_fdcf48f0.png
[186月2026 03:34:56.917] [Render thread/INFO] [com.craftablecapes.client.OnlineCapeLoader/]: Registered online cape texture: craftablecapes:textures/capes/online_479eacef.png and craftablecapes:textures/item/online_479eacef.png
[186月2026 03:34:56.918] [Render thread/INFO] [com.craftablecapes.client.OnlineCapeLoader/]: Registered online cape texture: craftablecapes:textures/capes/online_a3f6e4f1.png and craftablecapes:textures/item/online_a3f6e4f1.png
[186月2026 03:34:56.919] [Render thread/INFO] [com.craftablecapes.client.OnlineCapeLoader/]: Registered online cape texture: craftablecapes:textures/capes/online_5e6f3193.png and craftablecapes:textures/item/online_5e6f3193.png
[186月2026 03:34:57.827] [Render thread/INFO] [com.mojang.blaze3d.audio.Library/]: OpenAL initialized on device OpenAL Soft on Speaker (Realtek(R) Audio)
[186月2026 03:34:57.828] [Render thread/INFO] [net.minecraft.client.sounds.SoundEngine/SOUNDS]: Sound engine started
[186月2026 03:34:57.829] [Render thread/INFO] [net.minecraft.client.renderer.texture.TextureAtlas/]: Created: 512x256x0 minecraft:textures/atlas/particles.png-atlas
[186月2026 03:34:57.891] [Render thread/INFO] [net.minecraft.client.renderer.texture.TextureAtlas/]: Created: 128x128x0 minecraft:textures/atlas/decorated_pot.png-atlas
[186月2026 03:34:57.899] [Render thread/INFO] [net.minecraft.client.renderer.texture.TextureAtlas/]: Created: 2048x1024x0 minecraft:textures/atlas/armor_trims.png-atlas
[186月2026 03:34:58.017] [Render thread/INFO] [net.minecraft.client.renderer.texture.TextureAtlas/]: Created: 512x256x0 minecraft:textures/atlas/paintings.png-atlas
[186月2026 03:34:58.030] [Render thread/INFO] [net.minecraft.client.renderer.texture.TextureAtlas/]: Created: 1024x512x0 minecraft:textures/atlas/shield_patterns.png-atlas
[186月2026 03:34:58.041] [Render thread/INFO] [net.minecraft.client.renderer.texture.TextureAtlas/]: Created: 2048x2048x4 minecraft:textures/atlas/blocks.png-atlas
[186月2026 03:34:59.058] [Render thread/INFO] [net.minecraft.client.renderer.texture.TextureAtlas/]: Created: 512x512x0 minecraft:textures/atlas/chest.png-atlas
[186月2026 03:34:59.066] [Render thread/INFO] [net.minecraft.client.renderer.texture.TextureAtlas/]: Created: 256x128x0 minecraft:textures/atlas/celestials.png-atlas
[186月2026 03:34:59.071] [Render thread/INFO] [net.minecraft.client.renderer.texture.TextureAtlas/]: Created: 1024x512x0 minecraft:textures/atlas/banner_patterns.png-atlas
[186月2026 03:34:59.086] [Render thread/INFO] [net.minecraft.client.renderer.texture.TextureAtlas/]: Created: 512x512x0 minecraft:textures/atlas/beds.png-atlas
[186月2026 03:34:59.091] [Render thread/INFO] [net.minecraft.client.renderer.texture.TextureAtlas/]: Created: 1024x512x0 minecraft:textures/atlas/items.png-atlas
[186月2026 03:34:59.324] [Render thread/INFO] [net.minecraft.client.renderer.texture.TextureAtlas/]: Created: 1024x1024x0 minecraft:textures/atlas/gui.png-atlas
[186月2026 03:34:59.490] [Render thread/INFO] [net.minecraft.client.renderer.texture.TextureAtlas/]: Created: 128x64x0 minecraft:textures/atlas/map_decorations.png-atlas
[186月2026 03:34:59.506] [Render thread/INFO] [net.minecraft.client.renderer.texture.TextureAtlas/]: Created: 512x256x0 minecraft:textures/atlas/signs.png-atlas
[186月2026 03:34:59.517] [Render thread/INFO] [net.minecraft.client.renderer.texture.TextureAtlas/]: Created: 512x512x0 minecraft:textures/atlas/shulker_boxes.png-atlas
[186月2026 03:34:59.883] [Render thread/INFO] [net.neoforged.neoforge.client.entity.animation.json.AnimationLoader/]: Loaded 0 entity animations
[186月2026 03:35:09.933] [Render thread/INFO] [net.minecraft.world.item.crafting.RecipeManager/]: Loaded 1470 recipes
[186月2026 03:35:09.952] [Render thread/INFO] [net.minecraft.advancements.AdvancementTree/]: Loaded 1584 advancements
[186月2026 03:35:09.954] [Render thread/INFO] [net.neoforged.neoforge.common.crafting.RecipePriorityManager/]: Loaded 0 recipe priority overrides
[186月2026 03:35:10.216] [Server thread/INFO] [net.minecraft.client.server.IntegratedServer/]: Starting integrated minecraft server version 1.21.11
[186月2026 03:35:10.217] [Server thread/INFO] [net.minecraft.server.MinecraftServer/]: Generating keypair
[186月2026 03:35:10.487] [Server thread/INFO] [Curios API/]: Loaded 12 curio slots
[186月2026 03:35:10.487] [Server thread/INFO] [Curios API/]: Loaded 1 curio entities
[186月2026 03:35:10.935] [Server thread/INFO] [net.minecraft.server.level.progress.LoggingLevelLoadListener/]: Loading 0 persistent chunks...
[186月2026 03:35:10.936] [Server thread/INFO] [net.minecraft.server.level.progress.LoggingLevelLoadListener/]: 准备生成区域中：16%
[186月2026 03:35:10.953] [Server thread/INFO] [net.neoforged.neoforge.server.permission.PermissionAPI/]: Successfully initialized permission handler neoforge:default_handler
[186月2026 03:35:11.721] [Server thread/INFO] [net.minecraft.server.level.progress.LoggingLevelLoadListener/]: Loading 49 chunks for player spawn...
[186月2026 03:35:11.722] [Server thread/INFO] [net.minecraft.server.level.progress.LoggingLevelLoadListener/]: 准备生成区域中：16%
[186月2026 03:35:11.961] [Server thread/INFO] [net.minecraft.server.level.progress.LoggingLevelLoadListener/]: 准备生成区域中：16%
[186月2026 03:35:12.110] [Server thread/INFO] [net.minecraft.server.level.progress.LoggingLevelLoadListener/]: Time elapsed: 1176 ms
[186月2026 03:35:12.746] [Server thread/INFO] [net.minecraft.server.players.PlayerList/]: Dev[local:E:ee1e2fe9] logged in with entity id 1 at (7.5, 56.0, -9.5)
[186月2026 03:35:12.875] [Server thread/INFO] [net.minecraft.server.MinecraftServer/]: Dev加入了游戏
[186月2026 03:35:13.166] [Server thread/INFO] [net.minecraft.client.server.IntegratedServer/]: Changing view distance to 16, from 10
[186月2026 03:35:13.173] [Server thread/INFO] [net.minecraft.client.server.IntegratedServer/]: Changing simulation distance to 12, from 0
[186月2026 03:35:13.202] [Render thread/WARN] [net.minecraft.client.multiplayer.ClientPacketListener/]: Ignoring chat session from Dev due to missing Services public key
[186月2026 03:35:13.209] [Render thread/INFO] [net.minecraft.advancements.AdvancementTree/]: Loaded 7 advancements
[186月2026 03:35:13.325] [Render thread/INFO] [net.minecraft.client.renderer.DynamicUniformStorage/]: Resizing Dynamic Transforms UBO, capacity limit of 2 reached during a single frame. New capacity will be 4.
[186月2026 03:35:13.528] [Render thread/INFO] [net.minecraft.client.renderer.DynamicUniformStorage/]: Resizing Dynamic Transforms UBO, capacity limit of 4 reached during a single frame. New capacity will be 8.
[186月2026 03:35:13.791] [Render thread/INFO] [net.minecraft.client.renderer.DynamicUniformStorage/]: Resizing Chunk Sections UBO, capacity limit of 2 reached during a single frame. New capacity will be 4.
[186月2026 03:35:13.883] [Render thread/INFO] [net.minecraft.client.renderer.DynamicUniformStorage/]: Resizing Chunk Sections UBO, capacity limit of 4 reached during a single frame. New capacity will be 8.
[186月2026 03:35:13.923] [Render thread/INFO] [net.minecraft.client.renderer.DynamicUniformStorage/]: Resizing Chunk Sections UBO, capacity limit of 8 reached during a single frame. New capacity will be 16.
[186月2026 03:35:14.012] [Render thread/INFO] [net.minecraft.client.renderer.DynamicUniformStorage/]: Resizing Chunk Sections UBO, capacity limit of 16 reached during a single frame. New capacity will be 32.
[186月2026 03:35:14.189] [Render thread/INFO] [net.minecraft.client.renderer.DynamicUniformStorage/]: Resizing Chunk Sections UBO, capacity limit of 32 reached during a single frame. New capacity will be 64.
[186月2026 03:35:14.544] [Render thread/INFO] [net.minecraft.client.renderer.DynamicUniformStorage/]: Resizing Chunk Sections UBO, capacity limit of 64 reached during a single frame. New capacity will be 128.
[186月2026 03:35:15.267] [Render thread/INFO] [net.minecraft.client.renderer.DynamicUniformStorage/]: Resizing Chunk Sections UBO, capacity limit of 128 reached during a single frame. New capacity will be 256.
[186月2026 03:35:16.693] [Render thread/INFO] [net.minecraft.client.renderer.DynamicUniformStorage/]: Resizing Chunk Sections UBO, capacity limit of 256 reached during a single frame. New capacity will be 512.
[186月2026 03:35:28.106] [Render thread/INFO] [net.minecraft.client.Minecraft/]: Stopping!
[186月2026 03:35:28.111] [Server thread/INFO] [net.minecraft.server.network.ServerGamePacketListenerImpl/]: Dev lost connection: 连接中断
[186月2026 03:35:28.112] [Server thread/INFO] [net.minecraft.server.MinecraftServer/]: Dev退出了游戏
[186月2026 03:35:28.186] [Server thread/INFO] [net.minecraft.server.network.ServerCommonPacketListenerImpl/]: Stopping singleplayer server as player logged out
[186月2026 03:35:28.281] [Server thread/INFO] [net.minecraft.server.MinecraftServer/]: Stopping server
[186月2026 03:35:28.281] [Server thread/INFO] [net.minecraft.server.MinecraftServer/]: Saving players
[186月2026 03:35:28.281] [Server thread/INFO] [net.minecraft.server.MinecraftServer/]: Saving worlds
[186月2026 03:35:28.837] [Server thread/INFO] [net.minecraft.server.MinecraftServer/]: Saving chunks for level 'ServerLevel[新的世界]'/minecraft:overworld
[186月2026 03:35:28.895] [Server thread/INFO] [net.minecraft.server.MinecraftServer/]: Saving chunks for level 'ServerLevel[新的世界]'/minecraft:the_nether
[186月2026 03:35:28.911] [Server thread/INFO] [net.minecraft.server.MinecraftServer/]: Saving chunks for level 'ServerLevel[新的世界]'/minecraft:the_end
[186月2026 03:35:28.957] [Server thread/INFO] [net.minecraft.server.MinecraftServer/]: ThreadedAnvilChunkStorage (新的世界): All chunks are saved
[186月2026 03:35:28.957] [Server thread/INFO] [net.minecraft.server.MinecraftServer/]: ThreadedAnvilChunkStorage (DIM-1): All chunks are saved
[186月2026 03:35:28.957] [Server thread/INFO] [net.minecraft.server.MinecraftServer/]: ThreadedAnvilChunkStorage (DIM1): All chunks are saved
[186月2026 03:35:28.957] [Server thread/INFO] [net.minecraft.server.MinecraftServer/]: ThreadedAnvilChunkStorage: All dimensions are saved
