[186月2026 02:27:42.584] [main/INFO] [net.neoforged.fml.startup.Entrypoint/]: JVM Uptime at startup: 519ms
[186月2026 02:27:42.617] [main/INFO] [net.neoforged.fml.loading.FMLLoader/]: Starting FancyModLoader version 10.0.36 (CLIENT in DEV)
[186月2026 02:27:42.618] [main/INFO] [net.neoforged.fml.loading.FMLLoader/]: Game directory: G:\neoforge-1.21.11-test\run
[186月2026 02:27:42.805] [main/INFO] [net.neoforged.fml.loading.EarlyServiceDiscovery/]: Found 2 early service jars (out of 105) in 83ms
[186月2026 02:27:42.805] [main/INFO] [net.neoforged.fml.loading.FMLLoader/]: Loading FML Early Services:
[186月2026 02:27:42.808] [main/INFO] [net.neoforged.fml.loading.FMLLoader/]:  - C:/Users/yyy/.gradle/caches/modules-2/files-2.1/net.neoforged.fancymodloader/loader/10.0.36/f72ab4d3e755fe736829883d90430a281527aca/loader-10.0.36.jar
[186月2026 02:27:42.810] [main/INFO] [net.neoforged.fml.loading.FMLLoader/]:  - C:/Users/yyy/.gradle/caches/modules-2/files-2.1/net.neoforged.fancymodloader/earlydisplay/10.0.36/dbd0e11d545443f602addede111c39d9639708f9/earlydisplay-10.0.36.jar
[186月2026 02:27:42.822] [main/INFO] [net.neoforged.fml.loading.ImmediateWindowHandler/]: Loading ImmediateWindowProvider fmlearlywindow
[186月2026 02:27:44.113] [ForkJoinPool.commonPool-worker-7/INFO] [net.neoforged.fml.loading.moddiscovery.locators.GameLocator/]: Detected a joined NeoForge and Minecraft configuration. Applying filtering...
[186月2026 02:27:44.458] [ForkJoinPool.commonPool-worker-7/INFO] [net.neoforged.fml.loading.moddiscovery.locators.InDevFolderLocator/CORE]: Got mod coordinates craftablecapes%%G:\neoforge-1.21.11-test\build\classes\java\main;craftablecapes%%G:\neoforge-1.21.11-test\build\resources\main from env
[186月2026 02:27:44.740] [fml-loadingscreen/INFO] [net.neoforged.fml.earlydisplay.render.LoadingScreenRenderer/]: GL info: Intel(R) Iris(R) Xe Graphics GL version 3.3.0 - Build 31.0.101.5186, Intel
[186月2026 02:27:44.999] [ForkJoinPool.commonPool-worker-7/INFO] [net.neoforged.fml.loading.moddiscovery.locators.JarInJarDependencyLocator/]: Found 2 dependencies adding them to mods collection
[186月2026 02:27:45.005] [ForkJoinPool.commonPool-worker-7/INFO] [net.neoforged.fml.loading.moddiscovery.ModDiscoverer/]: 
     Mod List:
		Name Version (Mod Id)

		Craftable Capes 1.0.0 (craftablecapes)
		Curios API 14.0.0+1.21.11 (curios)
		Minecraft 1.21.11 (minecraft)
		NeoForge 21.11.42 (neoforge)
[186月2026 02:27:46.047] [main/INFO] [mixin/]: SpongePowered MIXIN Subsystem Version=0.8.7 Source=file:/C:/Users/yyy/.gradle/caches/modules-2/files-2.1/net.fabricmc/sponge-mixin/0.16.5+mixin.0.8.7/80fc3a9f592673cea87f4cd702f87991c6c9fe4d/sponge-mixin-0.16.5+mixin.0.8.7.jar Service=FML Env=CLIENT
[186月2026 02:27:46.185] [main/INFO] [net.neoforged.fml.loading.FMLLoader/]: Loading FML Plugins:
[186月2026 02:27:46.189] [main/INFO] [net.neoforged.fml.loading.FMLLoader/]:  - G:/neoforge-1.21.11-test/build/moddev/artifacts/neoforge-21.11.42.jar > net.neoforged.neoforge-coremods-21.11.42.jar
[186月2026 02:27:46.838] [main/INFO] [net.neoforged.fml.loading.FMLLoader/]: Building game content classloader:
 - craftablecapes (composite(folder(G:/neoforge-1.21.11-test/build/classes/java/main), folder(G:/neoforge-1.21.11-test/build/resources/main)))
 - curios (jar(C:/Users/yyy/.gradle/caches/modules-2/files-2.1/maven.modrinth/curios/MPGhs9Rw/82d14ef68875a9801c7b11de5b284439c89e5a82/curios-MPGhs9Rw.jar))
 - minecraft (composite(jar(G:/neoforge-1.21.11-test/build/moddev/artifacts/neoforge-21.11.42-client-extra-aka-minecraft-resources.jar), filtered(jar(G:/neoforge-1.21.11-test/build/moddev/artifacts/neoforge-21.11.42.jar))))
 - mixinextras.neoforge (jar(G:/neoforge-1.21.11-test/build/moddev/artifacts/neoforge-21.11.42.jar > mixinextras-neoforge-0.5.3.jar))
 - neoforge (composite(filtered(jar(G:/neoforge-1.21.11-test/build/moddev/artifacts/neoforge-21.11.42.jar))))
 - net.neoforged.fml.generated (empty(VirtualJar/net.neoforged.fml.generated))
[186月2026 02:27:46.899] [main/INFO] [net.neoforged.fml.loading.FMLLoader/]: Built game content classloader in 108ms
[186月2026 02:27:47.105] [main/WARN] [mixin/]: Reference map 'curios.refmap.json' for curios.mixins.json could not be read. If this is a development environment you can ignore this message
[186月2026 02:27:48.970] [main/INFO] [MixinExtras|Service/]: Initializing MixinExtras via com.llamalad7.mixinextras.service.MixinExtrasServiceImpl(version=0.5.3).
[186月2026 02:27:51.780] [Datafixer Bootstrap/INFO] [com.mojang.datafixers.DataFixerBuilder/]: 290 Datafixer optimizations took 1676 milliseconds
[186月2026 02:28:03.164] [main/WARN] [net.minecraft.commands.Commands/]: Ambiguity between arguments [teleport, location] and [teleport, destination] with inputs: [0.1 -0.5 .9, 0 0 0]
[186月2026 02:28:03.169] [main/WARN] [net.minecraft.commands.Commands/]: Ambiguity between arguments [teleport, location] and [teleport, targets] with inputs: [0.1 -0.5 .9, 0 0 0]
[186月2026 02:28:03.175] [main/WARN] [net.minecraft.commands.Commands/]: Ambiguity between arguments [teleport, destination] and [teleport, targets] with inputs: [Player, 0123, @e, dd12be42-52a9-4a91-a8a1-11c01849e498]
[186月2026 02:28:03.177] [main/WARN] [net.minecraft.commands.Commands/]: Ambiguity between arguments [teleport, targets] and [teleport, destination] with inputs: [Player, 0123, dd12be42-52a9-4a91-a8a1-11c01849e498]
[186月2026 02:28:03.178] [main/WARN] [net.minecraft.commands.Commands/]: Ambiguity between arguments [teleport, targets, location] and [teleport, targets, destination] with inputs: [0.1 -0.5 .9, 0 0 0]
[186月2026 02:28:03.182] [main/WARN] [net.minecraft.commands.Commands/]: Ambiguity between arguments [waypoint, modify, waypoint, color, reset] and [waypoint, modify, waypoint, color, color] with inputs: [reset]
[186月2026 02:28:03.350] [modloading-worker-0/INFO] [net.neoforged.neoforge.common.NeoForgeMod/NEOFORGE-MOD]: NeoForge mod loading, version 21.11.42, for MC 1.21.11
[186月2026 02:28:03.418] [modloading-worker-0/INFO] [com.craftablecapes.registry.CapeRegistry/]: Registering Craftable Capes items...
[186月2026 02:28:03.425] [modloading-worker-0/INFO] [com.craftablecapes.registry.CapeRegistry/]: Registered 0 cape items total!
[186月2026 02:28:03.429] [modloading-worker-0/INFO] [com.craftablecapes.CraftableCapes/]: Craftable Capes initialized for NeoForge!
[186月2026 02:28:04.593] [Render thread/INFO] [com.mojang.authlib.yggdrasil.YggdrasilAuthenticationService/]: Environment: Environment[sessionHost=https://sessionserver.mojang.com, servicesHost=https://api.minecraftservices.com, profilesHost=https://api.mojang.com, name=PROD]
[186月2026 02:28:04.659] [Render thread/INFO] [net.minecraft.client.Minecraft/]: Setting user: Dev
[186月2026 02:28:04.885] [Render thread/INFO] [net.minecraft.client.Minecraft/]: Backend library: LWJGL version 3.3.3+5
[186月2026 02:28:05.145] [Render thread/INFO] [net.minecraft.client.Minecraft/]: Using optional rendering extensions: GL_ARB_buffer_storage, GL_KHR_debug, GL_ARB_vertex_attrib_binding, GL_ARB_direct_state_access, GL_EXT_texture_filter_anisotropic
[186月2026 02:28:05.542] [Render thread/ERROR] [net.minecraft.server.packs.AbstractPackResources/]: Couldn't load mod/craftablecapes pack metadata: Pack declares support for version newer than 64, but is missing mandatory fields min_format and max_format
[186月2026 02:28:06.347] [Render thread/INFO] [net.minecraft.server.packs.resources.ReloadableResourceManager/]: Reloading ResourceManager: vanilla, mod_resources, mod/curios, mod/craftablecapes, mod/neoforge
[186月2026 02:28:07.965] [resourceLoad/INFO] [net.minecraft.client.gui.font.providers.UnihexProvider/]: Found unifont_all_no_pua-17.0.01.hex, loading
[186月2026 02:28:07.965] [resourceLoad/INFO] [net.minecraft.client.gui.font.providers.UnihexProvider/]: Found unifont_pua-17.0.01.hex, loading
[186月2026 02:28:08.621] [resourceLoad/INFO] [net.minecraft.client.gui.font.providers.UnihexProvider/]: Found unifont_jp_patch-17.0.01.hex, loading
[186月2026 02:28:09.213] [resourceLoad/INFO] [com.craftablecapes.client.ClientSetup/]: Registered 94 cape renderers via ICurioRenderer.register()
[186月2026 02:28:13.634] [Render thread/INFO] [com.mojang.blaze3d.audio.Library/]: OpenAL initialized on device OpenAL Soft on Speaker (Realtek(R) Audio)
[186月2026 02:28:13.635] [Render thread/INFO] [net.minecraft.client.sounds.SoundEngine/SOUNDS]: Sound engine started
[186月2026 02:28:13.636] [Render thread/INFO] [net.minecraft.client.renderer.texture.TextureAtlas/]: Created: 512x256x0 minecraft:textures/atlas/particles.png-atlas
[186月2026 02:28:13.683] [Render thread/INFO] [net.minecraft.client.renderer.texture.TextureAtlas/]: Created: 128x128x0 minecraft:textures/atlas/decorated_pot.png-atlas
[186月2026 02:28:13.692] [Render thread/INFO] [net.minecraft.client.renderer.texture.TextureAtlas/]: Created: 2048x1024x0 minecraft:textures/atlas/armor_trims.png-atlas
[186月2026 02:28:13.797] [Render thread/INFO] [net.minecraft.client.renderer.texture.TextureAtlas/]: Created: 512x256x0 minecraft:textures/atlas/paintings.png-atlas
[186月2026 02:28:13.807] [Render thread/INFO] [net.minecraft.client.renderer.texture.TextureAtlas/]: Created: 1024x512x0 minecraft:textures/atlas/shield_patterns.png-atlas
[186月2026 02:28:13.816] [Render thread/INFO] [net.minecraft.client.renderer.texture.TextureAtlas/]: Created: 2048x2048x4 minecraft:textures/atlas/blocks.png-atlas
[186月2026 02:28:14.956] [Render thread/INFO] [net.minecraft.client.renderer.texture.TextureAtlas/]: Created: 512x512x0 minecraft:textures/atlas/chest.png-atlas
[186月2026 02:28:14.971] [Render thread/INFO] [net.minecraft.client.renderer.texture.TextureAtlas/]: Created: 256x128x0 minecraft:textures/atlas/celestials.png-atlas
[186月2026 02:28:14.979] [Render thread/INFO] [net.minecraft.client.renderer.texture.TextureAtlas/]: Created: 1024x512x0 minecraft:textures/atlas/banner_patterns.png-atlas
[186月2026 02:28:15.003] [Render thread/INFO] [net.minecraft.client.renderer.texture.TextureAtlas/]: Created: 512x512x0 minecraft:textures/atlas/beds.png-atlas
[186月2026 02:28:15.013] [Render thread/INFO] [net.minecraft.client.renderer.texture.TextureAtlas/]: Created: 1024x512x0 minecraft:textures/atlas/items.png-atlas
[186月2026 02:28:15.269] [Render thread/INFO] [net.minecraft.client.renderer.texture.TextureAtlas/]: Created: 1024x1024x0 minecraft:textures/atlas/gui.png-atlas
[186月2026 02:28:15.430] [Render thread/INFO] [net.minecraft.client.renderer.texture.TextureAtlas/]: Created: 128x64x0 minecraft:textures/atlas/map_decorations.png-atlas
[186月2026 02:28:15.445] [Render thread/INFO] [net.minecraft.client.renderer.texture.TextureAtlas/]: Created: 512x256x0 minecraft:textures/atlas/signs.png-atlas
[186月2026 02:28:15.456] [Render thread/INFO] [net.minecraft.client.renderer.texture.TextureAtlas/]: Created: 512x512x0 minecraft:textures/atlas/shulker_boxes.png-atlas
[186月2026 02:28:15.715] [Render thread/WARN] [net.minecraft.client.resources.model.ModelManager/]: No model loaded for default item model ID craftablecapes:old_mojang_cape of craftablecapes:old_mojang_cape
[186月2026 02:28:15.716] [Render thread/WARN] [net.minecraft.client.resources.model.ModelManager/]: No model loaded for default item model ID craftablecapes:mojang_cape of craftablecapes:mojang_cape
[186月2026 02:28:15.716] [Render thread/WARN] [net.minecraft.client.resources.model.ModelManager/]: No model loaded for default item model ID craftablecapes:new_mojang_cape of craftablecapes:new_mojang_cape
[186月2026 02:28:15.716] [Render thread/WARN] [net.minecraft.client.resources.model.ModelManager/]: No model loaded for default item model ID craftablecapes:minecon_2011_cape of craftablecapes:minecon_2011_cape
[186月2026 02:28:15.717] [Render thread/WARN] [net.minecraft.client.resources.model.ModelManager/]: No model loaded for default item model ID craftablecapes:minecon_2012_cape of craftablecapes:minecon_2012_cape
[186月2026 02:28:15.717] [Render thread/WARN] [net.minecraft.client.resources.model.ModelManager/]: No model loaded for default item model ID craftablecapes:minecon_2013_cape of craftablecapes:minecon_2013_cape
[186月2026 02:28:15.717] [Render thread/WARN] [net.minecraft.client.resources.model.ModelManager/]: No model loaded for default item model ID craftablecapes:minecon_2015_cape of craftablecapes:minecon_2015_cape
[186月2026 02:28:15.717] [Render thread/WARN] [net.minecraft.client.resources.model.ModelManager/]: No model loaded for default item model ID craftablecapes:minecon_2016_cape of craftablecapes:minecon_2016_cape
[186月2026 02:28:15.718] [Render thread/WARN] [net.minecraft.client.resources.model.ModelManager/]: No model loaded for default item model ID craftablecapes:translator_cape of craftablecapes:translator_cape
[186月2026 02:28:15.718] [Render thread/WARN] [net.minecraft.client.resources.model.ModelManager/]: No model loaded for default item model ID craftablecapes:translator_cn_cape of craftablecapes:translator_cn_cape
[186月2026 02:28:15.718] [Render thread/WARN] [net.minecraft.client.resources.model.ModelManager/]: No model loaded for default item model ID craftablecapes:translator_jp_cape of craftablecapes:translator_jp_cape
[186月2026 02:28:15.719] [Render thread/WARN] [net.minecraft.client.resources.model.ModelManager/]: No model loaded for default item model ID craftablecapes:millionth_cape of craftablecapes:millionth_cape
[186月2026 02:28:15.719] [Render thread/WARN] [net.minecraft.client.resources.model.ModelManager/]: No model loaded for default item model ID craftablecapes:db_cape of craftablecapes:db_cape
[186月2026 02:28:15.719] [Render thread/WARN] [net.minecraft.client.resources.model.ModelManager/]: No model loaded for default item model ID craftablecapes:snowman_cape of craftablecapes:snowman_cape
[186月2026 02:28:15.719] [Render thread/WARN] [net.minecraft.client.resources.model.ModelManager/]: No model loaded for default item model ID craftablecapes:spade_cape of craftablecapes:spade_cape
[186月2026 02:28:15.719] [Render thread/WARN] [net.minecraft.client.resources.model.ModelManager/]: No model loaded for default item model ID craftablecapes:prismarine_cape of craftablecapes:prismarine_cape
[186月2026 02:28:15.719] [Render thread/WARN] [net.minecraft.client.resources.model.ModelManager/]: No model loaded for default item model ID craftablecapes:turtle_cape of craftablecapes:turtle_cape
[186月2026 02:28:15.721] [Render thread/WARN] [net.minecraft.client.resources.model.ModelManager/]: No model loaded for default item model ID craftablecapes:birthday_cape of craftablecapes:birthday_cape
[186月2026 02:28:15.721] [Render thread/WARN] [net.minecraft.client.resources.model.ModelManager/]: No model loaded for default item model ID craftablecapes:scrolls_cape of craftablecapes:scrolls_cape
[186月2026 02:28:15.721] [Render thread/WARN] [net.minecraft.client.resources.model.ModelManager/]: No model loaded for default item model ID craftablecapes:cobalt_cape of craftablecapes:cobalt_cape
[186月2026 02:28:15.721] [Render thread/WARN] [net.minecraft.client.resources.model.ModelManager/]: No model loaded for default item model ID craftablecapes:mojira_cape of craftablecapes:mojira_cape
[186月2026 02:28:15.721] [Render thread/WARN] [net.minecraft.client.resources.model.ModelManager/]: No model loaded for default item model ID craftablecapes:realms_cape of craftablecapes:realms_cape
[186月2026 02:28:15.721] [Render thread/WARN] [net.minecraft.client.resources.model.ModelManager/]: No model loaded for default item model ID craftablecapes:migrator_cape of craftablecapes:migrator_cape
[186月2026 02:28:15.721] [Render thread/WARN] [net.minecraft.client.resources.model.ModelManager/]: No model loaded for default item model ID craftablecapes:vanilla_cape of craftablecapes:vanilla_cape
[186月2026 02:28:15.721] [Render thread/WARN] [net.minecraft.client.resources.model.ModelManager/]: No model loaded for default item model ID craftablecapes:cherry_blossom_cape of craftablecapes:cherry_blossom_cape
[186月2026 02:28:15.722] [Render thread/WARN] [net.minecraft.client.resources.model.ModelManager/]: No model loaded for default item model ID craftablecapes:15_years_cape of craftablecapes:15_years_cape
[186月2026 02:28:15.722] [Render thread/WARN] [net.minecraft.client.resources.model.ModelManager/]: No model loaded for default item model ID craftablecapes:mojang_office_cape of craftablecapes:mojang_office_cape
[186月2026 02:28:15.722] [Render thread/WARN] [net.minecraft.client.resources.model.ModelManager/]: No model loaded for default item model ID craftablecapes:yearn_cape of craftablecapes:yearn_cape
[186月2026 02:28:15.722] [Render thread/WARN] [net.minecraft.client.resources.model.ModelManager/]: No model loaded for default item model ID craftablecapes:home_cape of craftablecapes:home_cape
[186月2026 02:28:15.723] [Render thread/WARN] [net.minecraft.client.resources.model.ModelManager/]: No model loaded for default item model ID craftablecapes:menace_cape of craftablecapes:menace_cape
[186月2026 02:28:15.723] [Render thread/WARN] [net.minecraft.client.resources.model.ModelManager/]: No model loaded for default item model ID craftablecapes:common_cape of craftablecapes:common_cape
[186月2026 02:28:15.723] [Render thread/WARN] [net.minecraft.client.resources.model.ModelManager/]: No model loaded for default item model ID craftablecapes:document_cape of craftablecapes:document_cape
[186月2026 02:28:15.723] [Render thread/WARN] [net.minecraft.client.resources.model.ModelManager/]: No model loaded for default item model ID craftablecapes:zombie_horse_cape of craftablecapes:zombie_horse_cape
[186月2026 02:28:15.723] [Render thread/WARN] [net.minecraft.client.resources.model.ModelManager/]: No model loaded for default item model ID craftablecapes:moonlight_trail_cape of craftablecapes:moonlight_trail_cape
[186月2026 02:28:15.724] [Render thread/WARN] [net.minecraft.client.resources.model.ModelManager/]: No model loaded for default item model ID craftablecapes:crafter_cape of craftablecapes:crafter_cape
[186月2026 02:28:15.724] [Render thread/WARN] [net.minecraft.client.resources.model.ModelManager/]: No model loaded for default item model ID craftablecapes:builder_cape of craftablecapes:builder_cape
[186月2026 02:28:15.724] [Render thread/WARN] [net.minecraft.client.resources.model.ModelManager/]: No model loaded for default item model ID craftablecapes:oxeye_cape of craftablecapes:oxeye_cape
[186月2026 02:28:15.724] [Render thread/WARN] [net.minecraft.client.resources.model.ModelManager/]: No model loaded for default item model ID craftablecapes:copper_cape of craftablecapes:copper_cape
[186月2026 02:28:15.724] [Render thread/WARN] [net.minecraft.client.resources.model.ModelManager/]: No model loaded for default item model ID craftablecapes:twitch_cape of craftablecapes:twitch_cape
[186月2026 02:28:15.725] [Render thread/WARN] [net.minecraft.client.resources.model.ModelManager/]: No model loaded for default item model ID craftablecapes:tiktok_cape of craftablecapes:tiktok_cape
[186月2026 02:28:15.725] [Render thread/WARN] [net.minecraft.client.resources.model.ModelManager/]: No model loaded for default item model ID craftablecapes:10_years_cape of craftablecapes:10_years_cape
[186月2026 02:28:15.725] [Render thread/WARN] [net.minecraft.client.resources.model.ModelManager/]: No model loaded for default item model ID craftablecapes:awesom_cape of craftablecapes:awesom_cape
[186月2026 02:28:15.725] [Render thread/WARN] [net.minecraft.client.resources.model.ModelManager/]: No model loaded for default item model ID craftablecapes:bacon_cape of craftablecapes:bacon_cape
[186月2026 02:28:15.725] [Render thread/WARN] [net.minecraft.client.resources.model.ModelManager/]: No model loaded for default item model ID craftablecapes:blonk_cape of craftablecapes:blonk_cape
[186月2026 02:28:15.726] [Render thread/WARN] [net.minecraft.client.resources.model.ModelManager/]: No model loaded for default item model ID craftablecapes:frog_cape of craftablecapes:frog_cape
[186月2026 02:28:15.726] [Render thread/WARN] [net.minecraft.client.resources.model.ModelManager/]: No model loaded for default item model ID craftablecapes:mcc15_cape of craftablecapes:mcc15_cape
[186月2026 02:28:15.726] [Render thread/WARN] [net.minecraft.client.resources.model.ModelManager/]: No model loaded for default item model ID craftablecapes:minecon_3_cape of craftablecapes:minecon_3_cape
[186月2026 02:28:15.726] [Render thread/WARN] [net.minecraft.client.resources.model.ModelManager/]: No model loaded for default item model ID craftablecapes:minecon_4_cape of craftablecapes:minecon_4_cape
[186月2026 02:28:15.726] [Render thread/WARN] [net.minecraft.client.resources.model.ModelManager/]: No model loaded for default item model ID craftablecapes:minecon_5_cape of craftablecapes:minecon_5_cape
[186月2026 02:28:15.727] [Render thread/WARN] [net.minecraft.client.resources.model.ModelManager/]: No model loaded for default item model ID craftablecapes:no_circle_cape of craftablecapes:no_circle_cape
[186月2026 02:28:15.727] [Render thread/WARN] [net.minecraft.client.resources.model.ModelManager/]: No model loaded for default item model ID craftablecapes:nyan_cape of craftablecapes:nyan_cape
[186月2026 02:28:15.727] [Render thread/WARN] [net.minecraft.client.resources.model.ModelManager/]: No model loaded for default item model ID craftablecapes:nye_2011_cape of craftablecapes:nye_2011_cape
[186月2026 02:28:15.728] [Render thread/WARN] [net.minecraft.client.resources.model.ModelManager/]: No model loaded for default item model ID craftablecapes:pancape_cape of craftablecapes:pancape_cape
[186月2026 02:28:15.728] [Render thread/WARN] [net.minecraft.client.resources.model.ModelManager/]: No model loaded for default item model ID craftablecapes:pride_cape of craftablecapes:pride_cape
[186月2026 02:28:15.728] [Render thread/WARN] [net.minecraft.client.resources.model.ModelManager/]: No model loaded for default item model ID craftablecapes:snail_cape of craftablecapes:snail_cape
[186月2026 02:28:15.728] [Render thread/WARN] [net.minecraft.client.resources.model.ModelManager/]: No model loaded for default item model ID craftablecapes:squid_cape of craftablecapes:squid_cape
[186月2026 02:28:15.728] [Render thread/WARN] [net.minecraft.client.resources.model.ModelManager/]: No model loaded for default item model ID craftablecapes:veterinarian_cape of craftablecapes:veterinarian_cape
[186月2026 02:28:15.729] [Render thread/WARN] [net.minecraft.client.resources.model.ModelManager/]: No model loaded for default item model ID craftablecapes:villager_rescue_cape of craftablecapes:villager_rescue_cape
[186月2026 02:28:15.729] [Render thread/WARN] [net.minecraft.client.resources.model.ModelManager/]: No model loaded for default item model ID craftablecapes:xbox_cape of craftablecapes:xbox_cape
[186月2026 02:28:15.729] [Render thread/WARN] [net.minecraft.client.resources.model.ModelManager/]: No model loaded for default item model ID craftablecapes:xbox_bday_cape of craftablecapes:xbox_bday_cape
[186月2026 02:28:15.729] [Render thread/WARN] [net.minecraft.client.resources.model.ModelManager/]: No model loaded for default item model ID craftablecapes:xmas_cape of craftablecapes:xmas_cape
[186月2026 02:28:15.730] [Render thread/WARN] [net.minecraft.client.resources.model.ModelManager/]: No model loaded for default item model ID craftablecapes:sniffer_cape of craftablecapes:sniffer_cape
[186月2026 02:28:15.730] [Render thread/WARN] [net.minecraft.client.resources.model.ModelManager/]: No model loaded for default item model ID craftablecapes:valentine_cape of craftablecapes:valentine_cape
[186月2026 02:28:15.730] [Render thread/WARN] [net.minecraft.client.resources.model.ModelManager/]: No model loaded for default item model ID craftablecapes:mcd_amethyst_cape of craftablecapes:mcd_amethyst_cape
[186月2026 02:28:15.731] [Render thread/WARN] [net.minecraft.client.resources.model.ModelManager/]: No model loaded for default item model ID craftablecapes:mcd_blue_cape of craftablecapes:mcd_blue_cape
[186月2026 02:28:15.731] [Render thread/WARN] [net.minecraft.client.resources.model.ModelManager/]: No model loaded for default item model ID craftablecapes:mcd_cloudy_climb_cape of craftablecapes:mcd_cloudy_climb_cape
[186月2026 02:28:15.731] [Render thread/WARN] [net.minecraft.client.resources.model.ModelManager/]: No model loaded for default item model ID craftablecapes:mcd_cow_crusader_cape of craftablecapes:mcd_cow_crusader_cape
[186月2026 02:28:15.731] [Render thread/WARN] [net.minecraft.client.resources.model.ModelManager/]: No model loaded for default item model ID craftablecapes:mcd_downpour_cape of craftablecapes:mcd_downpour_cape
[186月2026 02:28:15.732] [Render thread/WARN] [net.minecraft.client.resources.model.ModelManager/]: No model loaded for default item model ID craftablecapes:mcd_fauna_faire_cape of craftablecapes:mcd_fauna_faire_cape
[186月2026 02:28:15.732] [Render thread/WARN] [net.minecraft.client.resources.model.ModelManager/]: No model loaded for default item model ID craftablecapes:mcd_glow_cape of craftablecapes:mcd_glow_cape
[186月2026 02:28:15.732] [Render thread/WARN] [net.minecraft.client.resources.model.ModelManager/]: No model loaded for default item model ID craftablecapes:mcd_hammer_cape of craftablecapes:mcd_hammer_cape
[186月2026 02:28:15.732] [Render thread/WARN] [net.minecraft.client.resources.model.ModelManager/]: No model loaded for default item model ID craftablecapes:mcd_hero_cape of craftablecapes:mcd_hero_cape
[186月2026 02:28:15.732] [Render thread/WARN] [net.minecraft.client.resources.model.ModelManager/]: No model loaded for default item model ID craftablecapes:mcd_iceologer_cape of craftablecapes:mcd_iceologer_cape
[186月2026 02:28:15.733] [Render thread/WARN] [net.minecraft.client.resources.model.ModelManager/]: No model loaded for default item model ID craftablecapes:mcd_luminous_night_cape of craftablecapes:mcd_luminous_night_cape
[186月2026 02:28:15.733] [Render thread/WARN] [net.minecraft.client.resources.model.ModelManager/]: No model loaded for default item model ID craftablecapes:mcd_mystery_cape of craftablecapes:mcd_mystery_cape
[186月2026 02:28:15.733] [Render thread/WARN] [net.minecraft.client.resources.model.ModelManager/]: No model loaded for default item model ID craftablecapes:mcd_phantom_cape of craftablecapes:mcd_phantom_cape
[186月2026 02:28:15.733] [Render thread/WARN] [net.minecraft.client.resources.model.ModelManager/]: No model loaded for default item model ID craftablecapes:mcd_prism_cape of craftablecapes:mcd_prism_cape
[186月2026 02:28:15.734] [Render thread/WARN] [net.minecraft.client.resources.model.ModelManager/]: No model loaded for default item model ID craftablecapes:mcd_red_royal_cape of craftablecapes:mcd_red_royal_cape
[186月2026 02:28:15.734] [Render thread/WARN] [net.minecraft.client.resources.model.ModelManager/]: No model loaded for default item model ID craftablecapes:mcd_soul_cape of craftablecapes:mcd_soul_cape
[186月2026 02:28:15.734] [Render thread/WARN] [net.minecraft.client.resources.model.ModelManager/]: No model loaded for default item model ID craftablecapes:mcd_turtle_shell_cape of craftablecapes:mcd_turtle_shell_cape
[186月2026 02:28:15.734] [Render thread/WARN] [net.minecraft.client.resources.model.ModelManager/]: No model loaded for default item model ID craftablecapes:mcd_year_1_cape of craftablecapes:mcd_year_1_cape
[186月2026 02:28:15.734] [Render thread/WARN] [net.minecraft.client.resources.model.ModelManager/]: No model loaded for default item model ID craftablecapes:mcd_year_2_cape of craftablecapes:mcd_year_2_cape
[186月2026 02:28:15.734] [Render thread/WARN] [net.minecraft.client.resources.model.ModelManager/]: No model loaded for default item model ID craftablecapes:minecon_6_cape of craftablecapes:minecon_6_cape
[186月2026 02:28:15.734] [Render thread/WARN] [net.minecraft.client.resources.model.ModelManager/]: No model loaded for default item model ID craftablecapes:minecon_7_cape of craftablecapes:minecon_7_cape
[186月2026 02:28:15.734] [Render thread/WARN] [net.minecraft.client.resources.model.ModelManager/]: No model loaded for default item model ID craftablecapes:minecon_8_cape of craftablecapes:minecon_8_cape
[186月2026 02:28:15.734] [Render thread/WARN] [net.minecraft.client.resources.model.ModelManager/]: No model loaded for default item model ID craftablecapes:minecon_9_cape of craftablecapes:minecon_9_cape
[186月2026 02:28:15.735] [Render thread/WARN] [net.minecraft.client.resources.model.ModelManager/]: No model loaded for default item model ID craftablecapes:minecon_10_cape of craftablecapes:minecon_10_cape
[186月2026 02:28:15.735] [Render thread/WARN] [net.minecraft.client.resources.model.ModelManager/]: No model loaded for default item model ID craftablecapes:minecon_11_cape of craftablecapes:minecon_11_cape
[186月2026 02:28:15.735] [Render thread/WARN] [net.minecraft.client.resources.model.ModelManager/]: No model loaded for default item model ID craftablecapes:minecon_12_cape of craftablecapes:minecon_12_cape
[186月2026 02:28:15.735] [Render thread/WARN] [net.minecraft.client.resources.model.ModelManager/]: No model loaded for default item model ID craftablecapes:minecon_13_cape of craftablecapes:minecon_13_cape
[186月2026 02:28:15.735] [Render thread/WARN] [net.minecraft.client.resources.model.ModelManager/]: No model loaded for default item model ID craftablecapes:minecon_14_cape of craftablecapes:minecon_14_cape
[186月2026 02:28:15.735] [Render thread/WARN] [net.minecraft.client.resources.model.ModelManager/]: No model loaded for default item model ID craftablecapes:minecon_15_cape of craftablecapes:minecon_15_cape
[186月2026 02:28:15.736] [Render thread/WARN] [net.minecraft.client.resources.model.ModelManager/]: No model loaded for default item model ID craftablecapes:minecon_16_cape of craftablecapes:minecon_16_cape
[186月2026 02:28:15.736] [Render thread/WARN] [net.minecraft.client.resources.model.ModelManager/]: No model loaded for default item model ID craftablecapes:4j_studio_cape of craftablecapes:4j_studio_cape
[186月2026 02:28:15.746] [Render thread/INFO] [net.neoforged.neoforge.client.entity.animation.json.AnimationLoader/]: Loaded 0 entity animations
[186月2026 02:28:30.112] [Render thread/ERROR] [net.minecraft.server.packs.AbstractPackResources/]: Couldn't load mod/craftablecapes pack metadata: Pack declares support for version newer than 81, but is missing mandatory fields min_format and max_format
[186月2026 02:28:30.116] [Render thread/WARN] [net.minecraft.server.MinecraftServer/]: Missing data pack tests
[186月2026 02:28:35.800] [Render thread/INFO] [net.minecraft.world.item.crafting.RecipeManager/]: Loaded 1470 recipes
[186月2026 02:28:35.815] [Render thread/INFO] [net.minecraft.advancements.AdvancementTree/]: Loaded 1584 advancements
[186月2026 02:28:35.819] [Render thread/INFO] [net.neoforged.neoforge.common.crafting.RecipePriorityManager/]: Loaded 0 recipe priority overrides
[186月2026 02:28:37.769] [Render thread/ERROR] [net.minecraft.server.packs.AbstractPackResources/]: Couldn't load mod/craftablecapes pack metadata: Pack declares support for version newer than 81, but is missing mandatory fields min_format and max_format
[186月2026 02:28:38.017] [Server thread/INFO] [net.minecraft.client.server.IntegratedServer/]: Starting integrated minecraft server version 1.21.11
[186月2026 02:28:38.017] [Server thread/INFO] [net.minecraft.server.MinecraftServer/]: Generating keypair
[186月2026 02:28:38.249] [Server thread/INFO] [Curios API/]: Loaded 12 curio slots
[186月2026 02:28:38.249] [Server thread/INFO] [Curios API/]: Loaded 1 curio entities
[186月2026 02:28:38.569] [Server thread/INFO] [net.minecraft.server.level.progress.LoggingLevelLoadListener/]: Selecting global world spawn...
[186月2026 02:28:39.605] [Server thread/INFO] [net.minecraft.server.level.progress.LoggingLevelLoadListener/]: Loading 0 persistent chunks...
[186月2026 02:28:39.605] [Server thread/INFO] [net.minecraft.server.level.progress.LoggingLevelLoadListener/]: 准备生成区域中：16%
[186月2026 02:28:39.614] [Server thread/INFO] [net.neoforged.neoforge.server.permission.PermissionAPI/]: Successfully initialized permission handler neoforge:default_handler
[186月2026 02:28:40.099] [Render thread/ERROR] [net.minecraft.server.packs.AbstractPackResources/]: Couldn't load mod/craftablecapes pack metadata: Pack declares support for version newer than 81, but is missing mandatory fields min_format and max_format
[186月2026 02:28:40.492] [Server thread/INFO] [net.minecraft.server.level.progress.LoggingLevelLoadListener/]: Loading 47 chunks for player spawn...
[186月2026 02:28:40.493] [Server thread/INFO] [net.minecraft.server.level.progress.LoggingLevelLoadListener/]: 准备生成区域中：16%
[186月2026 02:28:40.519] [Server thread/INFO] [net.minecraft.server.level.progress.LoggingLevelLoadListener/]: 准备生成区域中：16%
[186月2026 02:28:40.569] [Server thread/INFO] [net.minecraft.server.level.progress.LoggingLevelLoadListener/]: 准备生成区域中：16%
[186月2026 02:28:40.619] [Server thread/INFO] [net.minecraft.server.level.progress.LoggingLevelLoadListener/]: 准备生成区域中：16%
[186月2026 02:28:41.069] [Server thread/INFO] [net.minecraft.server.level.progress.LoggingLevelLoadListener/]: 准备生成区域中：57%
[186月2026 02:28:41.420] [Server thread/INFO] [net.minecraft.server.level.progress.LoggingLevelLoadListener/]: Time elapsed: 2852 ms
[186月2026 02:28:42.164] [Server thread/INFO] [net.minecraft.server.players.PlayerList/]: Dev[local:E:2a0e5f36] logged in with entity id 1 at (-0.5, 56.0, 0.5)
[186月2026 02:28:42.320] [Server thread/INFO] [net.minecraft.server.MinecraftServer/]: Dev加入了游戏
[186月2026 02:28:42.575] [Render thread/WARN] [net.minecraft.client.multiplayer.ClientPacketListener/]: Ignoring chat session from Dev due to missing Services public key
[186月2026 02:28:42.634] [Server thread/INFO] [net.minecraft.client.server.IntegratedServer/]: Changing view distance to 16, from 10
[186月2026 02:28:42.638] [Server thread/INFO] [net.minecraft.client.server.IntegratedServer/]: Changing simulation distance to 12, from 0
[186月2026 02:28:42.690] [Render thread/INFO] [net.minecraft.client.renderer.DynamicUniformStorage/]: Resizing Dynamic Transforms UBO, capacity limit of 2 reached during a single frame. New capacity will be 4.
[186月2026 02:28:42.766] [Render thread/INFO] [net.minecraft.advancements.AdvancementTree/]: Loaded 2 advancements
[186月2026 02:28:42.899] [Render thread/INFO] [net.minecraft.client.renderer.DynamicUniformStorage/]: Resizing Dynamic Transforms UBO, capacity limit of 4 reached during a single frame. New capacity will be 8.
[186月2026 02:28:43.142] [Render thread/INFO] [net.minecraft.client.renderer.DynamicUniformStorage/]: Resizing Chunk Sections UBO, capacity limit of 2 reached during a single frame. New capacity will be 4.
[186月2026 02:28:43.205] [Render thread/INFO] [net.minecraft.client.renderer.DynamicUniformStorage/]: Resizing Chunk Sections UBO, capacity limit of 4 reached during a single frame. New capacity will be 8.
[186月2026 02:28:43.382] [Render thread/INFO] [net.minecraft.client.renderer.DynamicUniformStorage/]: Resizing Chunk Sections UBO, capacity limit of 8 reached during a single frame. New capacity will be 16.
[186月2026 02:28:43.574] [Render thread/INFO] [net.minecraft.client.renderer.DynamicUniformStorage/]: Resizing Chunk Sections UBO, capacity limit of 16 reached during a single frame. New capacity will be 32.
[186月2026 02:28:44.446] [Render thread/INFO] [net.minecraft.client.renderer.DynamicUniformStorage/]: Resizing Chunk Sections UBO, capacity limit of 32 reached during a single frame. New capacity will be 64.
[186月2026 02:28:46.297] [Render thread/INFO] [net.minecraft.client.renderer.DynamicUniformStorage/]: Resizing Chunk Sections UBO, capacity limit of 64 reached during a single frame. New capacity will be 128.
[186月2026 02:28:49.099] [Render thread/INFO] [net.minecraft.client.renderer.DynamicUniformStorage/]: Resizing Chunk Sections UBO, capacity limit of 128 reached during a single frame. New capacity will be 256.
[186月2026 02:28:52.335] [Render thread/WARN] [net.minecraft.client.renderer.texture.TextureManager/]: Missing resource craftablecapes:textures/capes/placeholder.png referenced from craftablecapes:textures/capes/placeholder.png
[186月2026 02:28:54.618] [Server thread/INFO] [net.minecraft.client.server.IntegratedServer/]: Saving and pausing game...
[186月2026 02:28:54.677] [Server thread/INFO] [net.minecraft.server.MinecraftServer/]: Saving chunks for level 'ServerLevel[新的世界]'/minecraft:overworld
[186月2026 02:28:54.702] [Server thread/INFO] [net.minecraft.server.MinecraftServer/]: Saving chunks for level 'ServerLevel[新的世界]'/minecraft:the_end
[186月2026 02:28:54.707] [Server thread/INFO] [net.minecraft.server.MinecraftServer/]: Saving chunks for level 'ServerLevel[新的世界]'/minecraft:the_nether
[186月2026 02:28:55.799] [Render thread/INFO] [net.minecraft.client.renderer.DynamicUniformStorage/]: Resizing Chunk Sections UBO, capacity limit of 256 reached during a single frame. New capacity will be 512.
[186月2026 02:29:05.913] [Render thread/INFO] [net.minecraft.client.Minecraft/]: Stopping!
[186月2026 02:29:05.924] [Server thread/INFO] [net.minecraft.server.network.ServerGamePacketListenerImpl/]: Dev lost connection: 连接中断
[186月2026 02:29:05.924] [Server thread/INFO] [net.minecraft.server.MinecraftServer/]: Dev退出了游戏
[186月2026 02:29:05.971] [Server thread/INFO] [net.minecraft.server.network.ServerCommonPacketListenerImpl/]: Stopping singleplayer server as player logged out
[186月2026 02:29:06.034] [Server thread/INFO] [net.minecraft.server.MinecraftServer/]: Stopping server
[186月2026 02:29:06.034] [Server thread/INFO] [net.minecraft.server.MinecraftServer/]: Saving players
[186月2026 02:29:06.035] [Server thread/INFO] [net.minecraft.server.MinecraftServer/]: Saving worlds
[186月2026 02:29:13.577] [Server thread/INFO] [net.minecraft.server.MinecraftServer/]: Saving chunks for level 'ServerLevel[新的世界]'/minecraft:overworld
[186月2026 02:29:13.599] [Server thread/INFO] [net.minecraft.server.MinecraftServer/]: Saving chunks for level 'ServerLevel[新的世界]'/minecraft:the_end
[186月2026 02:29:13.613] [Server thread/INFO] [net.minecraft.server.MinecraftServer/]: Saving chunks for level 'ServerLevel[新的世界]'/minecraft:the_nether
[186月2026 02:29:13.647] [Server thread/INFO] [net.minecraft.server.MinecraftServer/]: ThreadedAnvilChunkStorage (新的世界 (5)): All chunks are saved
[186月2026 02:29:13.648] [Server thread/INFO] [net.minecraft.server.MinecraftServer/]: ThreadedAnvilChunkStorage (DIM1): All chunks are saved
[186月2026 02:29:13.648] [Server thread/INFO] [net.minecraft.server.MinecraftServer/]: ThreadedAnvilChunkStorage (DIM-1): All chunks are saved
[186月2026 02:29:13.648] [Server thread/INFO] [net.minecraft.server.MinecraftServer/]: ThreadedAnvilChunkStorage: All dimensions are saved
